<html>
<body>
<pre>
<h1>µVision Build Log</h1>
<h2>Tool Versions:</h2>
IDE-Version: ¦ÌVision V5.39.0.0
Copyright (C) 2023 ARM Ltd and ARM Germany GmbH. All rights reserved.
License Information: manba man, fffffff, LIC=IK1BF-6Y3R7-CXQU6-DU1PR-6YJSL-ZDVC8
 
Tool Versions:
Toolchain:       MDK-ARM Plus  Version: 5.39.0.0
Toolchain Path:  D:\keil5\ARM\ARMCC\Bin
C Compiler:      Armcc.exe V5.06 update 5 (build 528)
Assembler:       Armasm.exe V5.06 update 5 (build 528)
Linker/Locator:  ArmLink.exe V5.06 update 5 (build 528)
Library Manager: ArmAr.exe V5.06 update 5 (build 528)
Hex Converter:   FromElf.exe V5.06 update 5 (build 528)
CPU DLL:         SARMCM3.DLL V5.39.0.0
Dialog DLL:      DCM.DLL V1.17.5.0
Target DLL:      CMSIS_AGDI.dll V1.33.16.0
Dialog DLL:      TCM.DLL V1.56.4.0
 
<h2>Project:</h2>
C:\Users\madao\Documents\MYNEWPROJECT\TESTLANQIAO\MDK-ARM\TESTLANQIAO.uvprojx
Project File Date:  12/16/2024

<h2>Output:</h2>
*** Using Compiler 'V5.06 update 5 (build 528)', folder: 'D:\keil5\ARM\ARMCC\Bin'
Build target 'TESTLANQIAO'
compiling lcd.c...
../code/headfile.h(14): warning:  #1-D: last line of file ends without a newline
  #endif
../code/fun.h(7): warning:  #1295-D: Deprecated declaration key_scan - give arg types
  void key_scan();
../code/fun.h(8): warning:  #1295-D: Deprecated declaration lcd_show - give arg types
  void lcd_show();
../code/fun.h(10): warning:  #1-D: last line of file ends without a newline
  #endif
../code/headfile.h(14): warning:  #1-D: last line of file ends without a newline
  #endif
..\code\lcd.c: 5 warnings, 0 errors
linking...
Program Size: Code=6342 RO-data=5082 RW-data=36 ZI-data=1652  
FromELF: creating hex file...
"TESTLANQIAO\TESTLANQIAO.axf" - 0 Error(s), 5 Warning(s).

<h2>Software Packages used:</h2>

Package Vendor: ARM
                http://www.keil.com/pack/ARM.CMSIS.5.9.0.pack
                ARM::CMSIS@5.9.0
                CMSIS (Common Microcontroller Software Interface Standard)
   * Component: CORE Version: 5.6.0

Package Vendor: Keil
                http://www.keil.com/pack/Keil.STM32G4xx_DFP.1.4.0.pack
                Keil::STM32G4xx_DFP@1.4.0
                STMicroelectronics STM32G4 Series Device Support, Drivers and Examples

<h2>Collection of Component include folders:</h2>
  ./RTE/_TESTLANQIAO
  D:/keil5/ARM/PACK/ARM/CMSIS/5.9.0/CMSIS/Core/Include
  D:/keil5/ARM/PACK/Keil/STM32G4xx_DFP/1.4.0/Drivers/CMSIS/Device/ST/STM32G4xx/Include

<h2>Collection of Component Files used:</h2>

   * Component: ARM::CMSIS:CORE@5.6.0
      Include file:  CMSIS/Core/Include/tz_context.h
Build Time Elapsed:  00:00:02
</pre>
</body>
</html>
