<html>
<body>
<pre>
<h1>µVision Build Log</h1>
<h2>Tool Versions:</h2>
IDE-Version: ¦ÌVision V5.39.0.0
Copyright (C) 2023 ARM Ltd and ARM Germany GmbH. All rights reserved.
License Information: manba man, fffffff, LIC=IK1BF-6Y3R7-CXQU6-DU1PR-6YJSL-ZDVC8
 
Tool Versions:
Toolchain:       MDK-ARM Plus  Version: 5.39.0.0
Toolchain Path:  D:\keil5\ARM\ARMCC\Bin
C Compiler:      Armcc.exe V5.06 update 5 (build 528)
Assembler:       Armasm.exe V5.06 update 5 (build 528)
Linker/Locator:  ArmLink.exe V5.06 update 5 (build 528)
Library Manager: ArmAr.exe V5.06 update 5 (build 528)
Hex Converter:   FromElf.exe V5.06 update 5 (build 528)
CPU DLL:         SARMCM3.DLL V5.39.0.0
Dialog DLL:      DCM.DLL V1.17.5.0
Target DLL:      CMSIS_AGDI.dll V1.33.16.0
Dialog DLL:      TCM.DLL V1.56.4.0
 
<h2>Project:</h2>
C:\Users\madao\Documents\MYNEWPROJECT\LANQIAO_ADC\MDK-ARM\LANQIAO_ADC.uvprojx
Project File Date:  12/18/2024

<h2>Output:</h2>
*** Using Compiler 'V5.06 update 5 (build 528)', folder: 'D:\keil5\ARM\ARMCC\Bin'
Build target 'LANQIAO_ADC'
assembling startup_stm32g431xx.s...
compiling stm32g4xx_ll_adc.c...
compiling stm32g4xx_hal_flash_ramfunc.c...
compiling stm32g4xx_hal_msp.c...
../code/headfile.h(16): warning:  #1-D: last line of file ends without a newline
  #endif
../code/fun.h(5): warning:  #1295-D: Deprecated declaration lcd_show - give arg types
  void lcd_show();
../code/fun.h(7): warning:  #1-D: last line of file ends without a newline
  #endif
../code/headfile.h(16): warning:  #1-D: last line of file ends without a newline
  #endif
../Core/Src/stm32g4xx_hal_msp.c: 4 warnings, 0 errors
compiling gpio.c...
../code/headfile.h(16): warning:  #1-D: last line of file ends without a newline
  #endif
../code/fun.h(5): warning:  #1295-D: Deprecated declaration lcd_show - give arg types
  void lcd_show();
../code/fun.h(7): warning:  #1-D: last line of file ends without a newline
  #endif
../code/headfile.h(16): warning:  #1-D: last line of file ends without a newline
  #endif
../Core/Src/gpio.c: 4 warnings, 0 errors
compiling stm32g4xx_it.c...
../code/headfile.h(16): warning:  #1-D: last line of file ends without a newline
  #endif
../code/fun.h(5): warning:  #1295-D: Deprecated declaration lcd_show - give arg types
  void lcd_show();
../code/fun.h(7): warning:  #1-D: last line of file ends without a newline
  #endif
../code/headfile.h(16): warning:  #1-D: last line of file ends without a newline
  #endif
../Core/Src/stm32g4xx_it.c: 4 warnings, 0 errors
compiling stm32g4xx_hal.c...
compiling stm32g4xx_hal_flash.c...
compiling adc.c...
../code/headfile.h(16): warning:  #1-D: last line of file ends without a newline
  #endif
../code/fun.h(5): warning:  #1295-D: Deprecated declaration lcd_show - give arg types
  void lcd_show();
../code/fun.h(7): warning:  #1-D: last line of file ends without a newline
  #endif
../code/headfile.h(16): warning:  #1-D: last line of file ends without a newline
  #endif
../Core/Src/adc.c: 4 warnings, 0 errors
compiling main.c...
../code/headfile.h(16): warning:  #1-D: last line of file ends without a newline
  #endif
../code/fun.h(5): warning:  #1295-D: Deprecated declaration lcd_show - give arg types
  void lcd_show();
../code/fun.h(7): warning:  #1-D: last line of file ends without a newline
  #endif
../code/headfile.h(16): warning:  #1-D: last line of file ends without a newline
  #endif
../Core/Src/main.c: 4 warnings, 0 errors
compiling stm32g4xx_hal_flash_ex.c...
compiling stm32g4xx_hal_gpio.c...
compiling stm32g4xx_hal_rcc.c...
compiling stm32g4xx_hal_rcc_ex.c...
compiling stm32g4xx_hal_adc_ex.c...
compiling stm32g4xx_hal_adc.c...
compiling stm32g4xx_hal_tim.c...
compiling stm32g4xx_hal_pwr.c...
compiling stm32g4xx_hal_cortex.c...
compiling stm32g4xx_hal_exti.c...
compiling stm32g4xx_hal_dma_ex.c...
compiling stm32g4xx_hal_tim_ex.c...
compiling system_stm32g4xx.c...
compiling fun.c...
../code/headfile.h(16): warning:  #1-D: last line of file ends without a newline
  #endif
..\code\fun.h(5): warning:  #1295-D: Deprecated declaration lcd_show - give arg types
  void lcd_show();
..\code\fun.h(7): warning:  #1-D: last line of file ends without a newline
  #endif
..\code\headfile.h(16): warning:  #1-D: last line of file ends without a newline
  #endif
..\code\fun.c: 4 warnings, 0 errors
compiling stm32g4xx_hal_dma.c...
compiling lcd.c...
../code/headfile.h(16): warning:  #1-D: last line of file ends without a newline
  #endif
../code/fun.h(5): warning:  #1295-D: Deprecated declaration lcd_show - give arg types
  void lcd_show();
../code/fun.h(7): warning:  #1-D: last line of file ends without a newline
  #endif
../code/headfile.h(16): warning:  #1-D: last line of file ends without a newline
  #endif
..\code\lcd.c: 4 warnings, 0 errors
compiling stm32g4xx_hal_pwr_ex.c...
linking...
Program Size: Code=13606 RO-data=5258 RW-data=28 ZI-data=1868  
FromELF: creating hex file...
"LANQIAO_ADC\LANQIAO_ADC.axf" - 0 Error(s), 28 Warning(s).

<h2>Software Packages used:</h2>

Package Vendor: ARM
                http://www.keil.com/pack/ARM.CMSIS.5.9.0.pack
                ARM::CMSIS@5.9.0
                CMSIS (Common Microcontroller Software Interface Standard)
   * Component: CORE Version: 5.6.0

Package Vendor: Keil
                http://www.keil.com/pack/Keil.STM32G4xx_DFP.1.4.0.pack
                Keil::STM32G4xx_DFP@1.4.0
                STMicroelectronics STM32G4 Series Device Support, Drivers and Examples

<h2>Collection of Component include folders:</h2>
  ./RTE/_LANQIAO_ADC
  D:/keil5/ARM/PACK/ARM/CMSIS/5.9.0/CMSIS/Core/Include
  D:/keil5/ARM/PACK/Keil/STM32G4xx_DFP/1.4.0/Drivers/CMSIS/Device/ST/STM32G4xx/Include

<h2>Collection of Component Files used:</h2>

   * Component: ARM::CMSIS:CORE@5.6.0
      Include file:  CMSIS/Core/Include/tz_context.h
Build Time Elapsed:  00:00:08
</pre>
</body>
</html>
