<html>
<body>
<pre>
<h1>µVision Build Log</h1>
<h2>Tool Versions:</h2>
IDE-Version: ¦ÌVision V5.39.0.0
Copyright (C) 2023 ARM Ltd and ARM Germany GmbH. All rights reserved.
License Information: manba man, fffffff, LIC=IK1BF-6Y3R7-CXQU6-DU1PR-6YJSL-ZDVC8
 
Tool Versions:
Toolchain:       MDK-ARM Plus  Version: 5.39.0.0
Toolchain Path:  D:\keil5\ARM\ARMCC\Bin
C Compiler:      Armcc.exe V5.06 update 5 (build 528)
Assembler:       Armasm.exe V5.06 update 5 (build 528)
Linker/Locator:  ArmLink.exe V5.06 update 5 (build 528)
Library Manager: ArmAr.exe V5.06 update 5 (build 528)
Hex Converter:   FromElf.exe V5.06 update 5 (build 528)
CPU DLL:         SARMCM3.DLL V5.39.0.0
Dialog DLL:      DCM.DLL V1.17.5.0
Target DLL:      CMSIS_AGDI.dll V1.33.16.0
Dialog DLL:      TCM.DLL V1.56.4.0
 
<h2>Project:</h2>
C:\Users\madao\Documents\MYNEWPROJECT\MY_F103VE_1_DEMO_dwt\MDK-ARM\MY_F103VE_1_DEMO.uvprojx
Project File Date:  10/30/2024

<h2>Output:</h2>
*** Using Compiler 'V5.06 update 5 (build 528)', folder: 'D:\keil5\ARM\ARMCC\Bin'
Build target 'MY_F103VE_1_DEMO'
Note: source file '../Drivers/STM32F1xx_HAL_Driver/Src/stm32f1xx_hal_flash.c' - object file renamed from 'MY_F103VE_1_DEMO\stm32f1xx_hal_flash.o' to 'MY_F103VE_1_DEMO\stm32f1xx_hal_flash_1.o'.
Note: source file '../Drivers/STM32F1xx_HAL_Driver/Src/stm32f1xx_hal_flash.c' - object file renamed from 'MY_F103VE_1_DEMO\stm32f1xx_hal_flash.o' to 'MY_F103VE_1_DEMO\stm32f1xx_hal_flash_1.o'.
compiling ws_drive_borad.c...
..\WS-Drivers\ws_drive_borad.h(11): warning:  #1-D: last line of file ends without a newline
  #endif
..\WS-Drivers\ws_drive_borad.c: 1 warning, 0 errors
linking...
MY_F103VE_1_DEMO\MY_F103VE_1_DEMO.axf: Warning: L6304W: Duplicate input file my_f103ve_1_demo\stm32f1xx_hal_flash_1.o ignored.
Program Size: Code=12496 RO-data=932 RW-data=32 ZI-data=1832  
Finished: 0 information, 1 warning and 0 error messages.
FromELF: creating hex file...
"MY_F103VE_1_DEMO\MY_F103VE_1_DEMO.axf" - 0 Error(s), 2 Warning(s).

<h2>Software Packages used:</h2>

Package Vendor: ARM
                http://www.keil.com/pack/ARM.CMSIS.5.9.0.pack
                ARM::CMSIS@5.9.0
                CMSIS (Common Microcontroller Software Interface Standard)
   * Component: CORE Version: 5.6.0

Package Vendor: Keil
                http://www.keil.com/pack/Keil.STM32F1xx_DFP.2.3.0.pack
                Keil::STM32F1xx_DFP@2.3.0
                STMicroelectronics STM32F1 Series Device Support, Drivers and Examples

<h2>Collection of Component include folders:</h2>
  ./RTE/_MY_F103VE_1_DEMO
  D:/keil5/ARM/PACK/ARM/CMSIS/5.9.0/CMSIS/Core/Include
  D:/keil5/ARM/PACK/Keil/STM32F1xx_DFP/2.3.0/Device/Include

<h2>Collection of Component Files used:</h2>

   * Component: ARM::CMSIS:CORE@5.6.0
      Include file:  CMSIS/Core/Include/tz_context.h
Build Time Elapsed:  00:00:01
</pre>
</body>
</html>
