Component: ARM Compiler 5.06 update 5 (build 528) Tool: armlink [4d35e2]

==============================================================================

Section Cross References

    startup_stm32f103xe.o(STACK) refers (Special) to heapauxi.o(.text) for __use_two_region_memory
    startup_stm32f103xe.o(HEAP) refers (Special) to heapauxi.o(.text) for __use_two_region_memory
    startup_stm32f103xe.o(RESET) refers (Special) to heapauxi.o(.text) for __use_two_region_memory
    startup_stm32f103xe.o(RESET) refers to startup_stm32f103xe.o(STACK) for __initial_sp
    startup_stm32f103xe.o(RESET) refers to startup_stm32f103xe.o(.text) for Reset_Handler
    startup_stm32f103xe.o(RESET) refers to stm32f1xx_it.o(i.NMI_Handler) for NMI_Handler
    startup_stm32f103xe.o(RESET) refers to stm32f1xx_it.o(i.HardFault_Handler) for HardFault_Handler
    startup_stm32f103xe.o(RESET) refers to stm32f1xx_it.o(i.MemManage_Handler) for MemManage_Handler
    startup_stm32f103xe.o(RESET) refers to stm32f1xx_it.o(i.BusFault_Handler) for BusFault_Handler
    startup_stm32f103xe.o(RESET) refers to stm32f1xx_it.o(i.UsageFault_Handler) for UsageFault_Handler
    startup_stm32f103xe.o(RESET) refers to stm32f1xx_it.o(i.SVC_Handler) for SVC_Handler
    startup_stm32f103xe.o(RESET) refers to stm32f1xx_it.o(i.DebugMon_Handler) for DebugMon_Handler
    startup_stm32f103xe.o(RESET) refers to stm32f1xx_it.o(i.PendSV_Handler) for PendSV_Handler
    startup_stm32f103xe.o(RESET) refers to stm32f1xx_it.o(i.SysTick_Handler) for SysTick_Handler
    startup_stm32f103xe.o(RESET) refers to stm32f1xx_it.o(i.EXTI0_IRQHandler) for EXTI0_IRQHandler
    startup_stm32f103xe.o(RESET) refers to stm32f1xx_it.o(i.DMA1_Channel4_IRQHandler) for DMA1_Channel4_IRQHandler
    startup_stm32f103xe.o(RESET) refers to stm32f1xx_it.o(i.DMA1_Channel5_IRQHandler) for DMA1_Channel5_IRQHandler
    startup_stm32f103xe.o(RESET) refers to stm32f1xx_it.o(i.USART1_IRQHandler) for USART1_IRQHandler
    startup_stm32f103xe.o(RESET) refers to stm32f1xx_it.o(i.EXTI15_10_IRQHandler) for EXTI15_10_IRQHandler
    startup_stm32f103xe.o(.text) refers (Special) to heapauxi.o(.text) for __use_two_region_memory
    startup_stm32f103xe.o(.text) refers to system_stm32f1xx.o(i.SystemInit) for SystemInit
    startup_stm32f103xe.o(.text) refers to __main.o(!!!main) for __main
    startup_stm32f103xe.o(.text) refers to startup_stm32f103xe.o(HEAP) for Heap_Mem
    startup_stm32f103xe.o(.text) refers to startup_stm32f103xe.o(STACK) for Stack_Mem
    main.o(i.HAL_UART_RxCpltCallback) refers to stm32f1xx_hal_uart.o(i.HAL_UART_Receive_IT) for HAL_UART_Receive_IT
    main.o(i.HAL_UART_RxCpltCallback) refers to main.o(.bss) for .bss
    main.o(i.HAL_UART_RxCpltCallback) refers to main.o(.data) for .data
    main.o(i.MX_GPIO_Init) refers to stm32f1xx_hal_gpio.o(i.HAL_GPIO_WritePin) for HAL_GPIO_WritePin
    main.o(i.MX_GPIO_Init) refers to stm32f1xx_hal_gpio.o(i.HAL_GPIO_Init) for HAL_GPIO_Init
    main.o(i.MX_GPIO_Init) refers to stm32f1xx_hal_cortex.o(i.HAL_NVIC_SetPriority) for HAL_NVIC_SetPriority
    main.o(i.MX_GPIO_Init) refers to stm32f1xx_hal_cortex.o(i.HAL_NVIC_EnableIRQ) for HAL_NVIC_EnableIRQ
    main.o(i.SystemClock_Config) refers to rt_memclr_w.o(.text) for __aeabi_memclr4
    main.o(i.SystemClock_Config) refers to stm32f1xx_hal_rcc.o(i.HAL_RCC_OscConfig) for HAL_RCC_OscConfig
    main.o(i.SystemClock_Config) refers to stm32f1xx_hal_rcc.o(i.HAL_RCC_ClockConfig) for HAL_RCC_ClockConfig
    main.o(i.main) refers to stm32f1xx_hal.o(i.HAL_Init) for HAL_Init
    main.o(i.main) refers to main.o(i.SystemClock_Config) for SystemClock_Config
    main.o(i.main) refers to main.o(i.MX_GPIO_Init) for MX_GPIO_Init
    main.o(i.main) refers to stm32f1xx_hal_cortex.o(i.HAL_NVIC_SetPriority) for HAL_NVIC_SetPriority
    main.o(i.main) refers to stm32f1xx_hal_cortex.o(i.HAL_NVIC_EnableIRQ) for HAL_NVIC_EnableIRQ
    main.o(i.main) refers to stm32f1xx_hal_uart.o(i.HAL_UART_Init) for HAL_UART_Init
    main.o(i.main) refers to ws_drive_dwt.o(i.WS_DWT_Get_Tick_Dt) for WS_DWT_Get_Tick_Dt
    main.o(i.main) refers to stm32f1xx_hal.o(i.HAL_Delay) for HAL_Delay
    main.o(i.main) refers to stm32f1xx_hal_uart.o(i.HAL_UART_Receive_IT) for HAL_UART_Receive_IT
    main.o(i.main) refers to kernel.o(i.InitTask) for InitTask
    main.o(i.main) refers to kernel.o(i.CreateTask) for CreateTask
    main.o(i.main) refers to kernel.o(i.RunTask) for RunTask
    main.o(i.main) refers to main.o(.bss) for .bss
    main.o(i.main) refers to main.o(.data) for .data
    main.o(i.main) refers to ws_drive_borad.o(i.WS_OS_Task_KeyBorad) for WS_OS_Task_KeyBorad
    main.o(i.main) refers to ws_drive_borad.o(i.WS_OS_Task_B) for WS_OS_Task_B
    stm32f1xx_it.o(i.DMA1_Channel4_IRQHandler) refers to stm32f1xx_hal_dma.o(i.HAL_DMA_IRQHandler) for HAL_DMA_IRQHandler
    stm32f1xx_it.o(i.DMA1_Channel4_IRQHandler) refers to main.o(.bss) for hdma_usart1_tx
[...]
    .text                                    0x08000278   Section       64  startup_stm32f103xe.o(.text)
    .text                                    0x080002b8   Section        0  vsprintf.o(.text)
    .text                                    0x080002dc   Section        0  strlen.o(.text)
    .text                                    0x0800031a   Section       78  rt_memclr_w.o(.text)
    .text                                    0x08000368   Section        0  heapauxi.o(.text)
    .text                                    0x0800036e   Section        0  _printf_pad.o(.text)
    .text                                    0x080003bc   Section        0  _printf_truncate.o(.text)
    .text                                    0x080003e0   Section        0  _printf_str.o(.text)
    .text                                    0x08000434   Section        0  _printf_dec.o(.text)
    .text                                    0x080004ac   Section        0  _printf_charcount.o(.text)
    .text                                    0x080004d4   Section        0  _printf_char_common.o(.text)
    _printf_input_char                       0x080004d5   Thumb Code    10  _printf_char_common.o(.text)
    .text                                    0x08000504   Section        0  _sputc.o(.text)
    .text                                    0x08000510   Section        0  _printf_wctomb.o(.text)
    .text                                    0x080005cc   Section        0  _printf_longlong_dec.o(.text)
    .text                                    0x08000648   Section        0  _printf_oct_int_ll.o(.text)
    _printf_longlong_oct_internal            0x08000649   Thumb Code     0  _printf_oct_int_ll.o(.text)
    .text                                    0x080006b8   Section        0  _printf_hex_int_ll_ptr.o(.text)
    _printf_hex_common                       0x080006b9   Thumb Code     0  _printf_hex_int_ll_ptr.o(.text)
    .text                                    0x0800074c   Section        0  __printf_flags_ss_wp.o(.text)
    .text                                    0x080008d4   Section      138  lludiv10.o(.text)
    .text                                    0x0800095e   Section        0  _printf_intcommon.o(.text)
    .text                                    0x08000a10   Section        0  _printf_fp_dec.o(.text)
    _fp_digits                               0x08000a13   Thumb Code   432  _printf_fp_dec.o(.text)
    .text                                    0x08000e30   Section        0  _printf_fp_hex.o(.text)
    .text                                    0x0800112c   Section        0  _printf_char.o(.text)
    .text                                    0x08001158   Section        0  _printf_wchar.o(.text)
    .text                                    0x08001184   Section        0  _wcrtomb.o(.text)
    .text                                    0x080011c4   Section       74  sys_stackheap_outer.o(.text)
    .text                                    0x08001210   Section       16  rt_ctype_table.o(.text)
    .text                                    0x08001220   Section        8  rt_locale_intlibspace.o(.text)
    .text                                    0x08001228   Section        0  _printf_fp_infnan.o(.text)
    .text                                    0x080012a8   Section        0  bigflt0.o(.text)
    .text                                    0x0800138c   Section        0  exit.o(.text)
    .text                                    0x080013a0   Section        8  libspace.o(.text)
    .text                                    0x080013a8   Section      128  strcmpv7m.o(.text)
    .text                                    0x08001428   Section        0  sys_exit.o(.text)
    .text                                    0x08001434   Section        2  use_no_semi.o(.text)
    .text                                    0x08001436   Section        0  indicate_semi.o(.text)
    CL$$btod_d2e                             0x08001436   Section       62  btod.o(CL$$btod_d2e)
    CL$$btod_d2e_denorm_low                  0x08001474   Section       70  btod.o(CL$$btod_d2e_denorm_low)
    CL$$btod_d2e_norm_op1                    0x080014ba   Section       96  btod.o(CL$$btod_d2e_norm_op1)
    CL$$btod_div_common                      0x0800151a   Section      824  btod.o(CL$$btod_div_common)
    CL$$btod_e2e                             0x08001852   Section      220  btod.o(CL$$btod_e2e)
    CL$$btod_ediv                            0x0800192e   Section       42  btod.o(CL$$btod_ediv)
    CL$$btod_emul                            0x08001958   Section       42  btod.o(CL$$btod_emul)
    CL$$btod_mult_common                     0x08001982   Section      580  btod.o(CL$$btod_mult_common)
    i.AddHangTask                            0x08001bc8   Section        0  kernel.o(i.AddHangTask)
    i.AddOnTask                              0x08001be8   Section        0  kernel.o(i.AddOnTask)
    i.AddRunTask                             0x08001c08   Section        0  kernel.o(i.AddRunTask)
    i.BusFault_Handler                       0x08001c28   Section        0  stm32f1xx_it.o(i.BusFault_Handler)
    i.CreateTask                             0x08001c2c   Section        0  kernel.o(i.CreateTask)
    i.CreateTimer                            0x08001c90   Section        0  kernel.o(i.CreateTimer)
    i.DMA1_Channel4_IRQHandler               0x08001d04   Section        0  stm32f1xx_it.o(i.DMA1_Channel4_IRQHandler)
    i.DMA1_Channel5_IRQHandler               0x08001d10   Section        0  stm32f1xx_it.o(i.DMA1_Channel5_IRQHandler)
    i.DMA_SetConfig                          0x08001d1c   Section        0  stm32f1xx_hal_dma.o(i.DMA_SetConfig)
    DMA_SetConfig                            0x08001d1d   Thumb Code    42  stm32f1xx_hal_dma.o(i.DMA_SetConfig)
    i.DebugMon_Handler                       0x08001d46   Section        0  stm32f1xx_it.o(i.DebugMon_Handler)
    i.EXTI0_IRQHandler                       0x08001d48   Section        0  stm32f1xx_it.o(i.EXTI0_IRQHandler)
    i.EXTI15_10_IRQHandler                   0x08001d4e   Section        0  stm32f1xx_it.o(i.EXTI15_10_IRQHandler)
    i.Error_Handler                          0x08001d56   Section        0  main.o(i.Error_Handler)
    i.GetKeyDFallingEdge                     0x08001d5c   Section        0  ws_drive_borad.o(i.GetKeyDFallingEdge)
    i.HAL_DMA_Abort                          0x08001dac   Section        0  stm32f1xx_hal_dma.o(i.HAL_DMA_Abort)
    i.HAL_DMA_Abort_IT                       0x08001df4   Section        0  stm32f1xx_hal_dma.o(i.HAL_DMA_Abort_IT)
    i.HAL_DMA_IRQHandler                     0x08001f24   Section        0  stm32f1xx_hal_dma.o(i.HAL_DMA_IRQHandler)
    i.HAL_DMA_Init                           0x0800216c   Section        0  stm32f1xx_hal_dma.o(i.HAL_DMA_Init)
    i.HAL_DMA_Start_IT                       0x080021e8   Section        0  stm32f1xx_hal_dma.o(i.HAL_DMA_Start_IT)
    i.HAL_Delay                              0x08002258   Section        0  stm32f1xx_hal.o(i.HAL_Delay)
    i.HAL_GPIO_EXTI_Callback                 0x0800227c   Section        0  ws_drive_borad.o(i.HAL_GPIO_EXTI_Callback)
    i.HAL_GPIO_EXTI_IRQHandler               0x08002280   Section        0  stm32f1xx_hal_gpio.o(i.HAL_GPIO_EXTI_IRQHandler)
    i.HAL_GPIO_Init                          0x08002298   Section        0  stm32f1xx_hal_gpio.o(i.HAL_GPIO_Init)
    i.HAL_GPIO_WritePin                      0x08002490   Section        0  stm32f1xx_hal_gpio.o(i.HAL_GPIO_WritePin)
    i.HAL_GetTick                            0x0800249c   Section        0  stm32f1xx_hal.o(i.HAL_GetTick)
    i.HAL_IncTick                            0x080024a8   Section        0  stm32f1xx_hal.o(i.HAL_IncTick)
    i.HAL_Init                               0x080024b8   Section        0  stm32f1xx_hal.o(i.HAL_Init)
    i.HAL_InitTick                           0x080024dc   Section        0  stm32f1xx_hal.o(i.HAL_InitTick)
    i.HAL_MspInit                            0x0800251c   Section        0  stm32f1xx_hal_msp.o(i.HAL_MspInit)
    i.HAL_NVIC_EnableIRQ                     0x08002558   Section        0  stm32f1xx_hal_cortex.o(i.HAL_NVIC_EnableIRQ)
    i.HAL_NVIC_SetPriority                   0x08002574   Section        0  stm32f1xx_hal_cortex.o(i.HAL_NVIC_SetPriority)
    i.HAL_NVIC_SetPriorityGrouping           0x080025b4   Section        0  stm32f1xx_hal_cortex.o(i.HAL_NVIC_SetPriorityGrouping)
    i.HAL_RCC_ClockConfig                    0x080025d8   Section        0  stm32f1xx_hal_rcc.o(i.HAL_RCC_ClockConfig)
    i.HAL_RCC_GetPCLK1Freq                   0x08002704   Section        0  stm32f1xx_hal_rcc.o(i.HAL_RCC_GetPCLK1Freq)
    i.HAL_RCC_GetPCLK2Freq                   0x08002724   Section        0  stm32f1xx_hal_rcc.o(i.HAL_RCC_GetPCLK2Freq)
    i.HAL_RCC_GetSysClockFreq                0x08002744   Section        0  stm32f1xx_hal_rcc.o(i.HAL_RCC_GetSysClockFreq)
    i.HAL_RCC_OscConfig                      0x08002790   Section        0  stm32f1xx_hal_rcc.o(i.HAL_RCC_OscConfig)
    i.HAL_SYSTICK_Config                     0x08002ab0   Section        0  stm32f1xx_hal_cortex.o(i.HAL_SYSTICK_Config)
    i.HAL_UARTEx_RxEventCallback             0x08002ad8   Section        0  stm32f1xx_hal_uart.o(i.HAL_UARTEx_RxEventCallback)
    i.HAL_UART_ErrorCallback                 0x08002ada   Section        0  stm32f1xx_hal_uart.o(i.HAL_UART_ErrorCallback)
    i.HAL_UART_IRQHandler                    0x08002adc   Section        0  stm32f1xx_hal_uart.o(i.HAL_UART_IRQHandler)
    i.HAL_UART_Init                          0x08002d48   Section        0  stm32f1xx_hal_uart.o(i.HAL_UART_Init)
    i.HAL_UART_MspInit                       0x08002dac   Section        0  stm32f1xx_hal_msp.o(i.HAL_UART_MspInit)
    i.HAL_UART_Receive_IT                    0x08002e88   Section        0  stm32f1xx_hal_uart.o(i.HAL_UART_Receive_IT)
    i.HAL_UART_RxCpltCallback                0x08002ea4   Section        0  main.o(i.HAL_UART_RxCpltCallback)
    i.HAL_UART_Transmit_DMA                  0x08002edc   Section        0  stm32f1xx_hal_uart.o(i.HAL_UART_Transmit_DMA)
    i.HAL_UART_TxCpltCallback                0x08002f54   Section        0  main.o(i.HAL_UART_TxCpltCallback)
    i.HAL_UART_TxHalfCpltCallback            0x08002f56   Section        0  stm32f1xx_hal_uart.o(i.HAL_UART_TxHalfCpltCallback)
    i.HardFault_Handler                      0x08002f58   Section        0  stm32f1xx_it.o(i.HardFault_Handler)
    i.InitTask                               0x08002f5c   Section        0  kernel.o(i.InitTask)
    i.MX_GPIO_Init                           0x08002f90   Section        0  main.o(i.MX_GPIO_Init)
    MX_GPIO_Init                             0x08002f91   Thumb Code   162  main.o(i.MX_GPIO_Init)
    i.MemManage_Handler                      0x08003048   Section        0  stm32f1xx_it.o(i.MemManage_Handler)
    i.NMI_Handler                            0x0800304a   Section        0  stm32f1xx_it.o(i.NMI_Handler)
    i.OnTask                                 0x0800304c   Section        0  kernel.o(i.OnTask)
    i.PendSV_Handler                         0x08003088   Section        0  stm32f1xx_it.o(i.PendSV_Handler)
    i.RunTask                                0x0800308c   Section        0  kernel.o(i.RunTask)
    i.SVC_Handler                            0x080030d4   Section        0  stm32f1xx_it.o(i.SVC_Handler)
    i.SysTick_Handler                        0x080030d6   Section        0  stm32f1xx_it.o(i.SysTick_Handler)
    i.SystemClock_Config                     0x080030e4   Section        0  main.o(i.SystemClock_Config)
    i.SystemInit                             0x08003142   Section        0  system_stm32f1xx.o(i.SystemInit)
    i.UART_DMAAbortOnError                   0x08003144   Section        0  stm32f1xx_hal_uart.o(i.UART_DMAAbortOnError)
    UART_DMAAbortOnError                     0x08003145   Thumb Code    16  stm32f1xx_hal_uart.o(i.UART_DMAAbortOnError)
    i.UART_DMAError                          0x08003154   Section        0  stm32f1xx_hal_uart.o(i.UART_DMAError)
    UART_DMAError                            0x08003155   Thumb Code    74  stm32f1xx_hal_uart.o(i.UART_DMAError)
    i.UART_DMATransmitCplt                   0x0800319e   Section        0  stm32f1xx_hal_uart.o(i.UART_DMATransmitCplt)
    UART_DMATransmitCplt                     0x0800319f   Thumb Code    66  stm32f1xx_hal_uart.o(i.UART_DMATransmitCplt)
    i.UART_DMATxHalfCplt                     0x080031e0   Section        0  stm32f1xx_hal_uart.o(i.UART_DMATxHalfCplt)
    UART_DMATxHalfCplt                       0x080031e1   Thumb Code    10  stm32f1xx_hal_uart.o(i.UART_DMATxHalfCplt)
    i.UART_EndRxTransfer                     0x080031ea   Section        0  stm32f1xx_hal_uart.o(i.UART_EndRxTransfer)
    UART_EndRxTransfer                       0x080031eb   Thumb Code    78  stm32f1xx_hal_uart.o(i.UART_EndRxTransfer)
    i.UART_EndTxTransfer                     0x08003238   Section        0  stm32f1xx_hal_uart.o(i.UART_EndTxTransfer)
    UART_EndTxTransfer                       0x08003239   Thumb Code    28  stm32f1xx_hal_uart.o(i.UART_EndTxTransfer)
    i.UART_Receive_IT                        0x08003254   Section        0  stm32f1xx_hal_uart.o(i.UART_Receive_IT)
    UART_Receive_IT                          0x08003255   Thumb Code   194  stm32f1xx_hal_uart.o(i.UART_Receive_IT)
    i.UART_SetConfig                         0x08003318   Section        0  stm32f1xx_hal_uart.o(i.UART_SetConfig)
    UART_SetConfig                           0x08003319   Thumb Code   178  stm32f1xx_hal_uart.o(i.UART_SetConfig)
    i.UART_Start_Receive_IT                  0x080033d0   Section        0  stm32f1xx_hal_uart.o(i.UART_Start_Receive_IT)
    i.USART1_IRQHandler                      0x08003408   Section        0  stm32f1xx_it.o(i.USART1_IRQHandler)
    i.UsageFault_Handler                     0x08003414   Section        0  stm32f1xx_it.o(i.UsageFault_Handler)
    i.WS_DWT_Get_Tick_Dt                     0x08003418   Section        0  ws_drive_dwt.o(i.WS_DWT_Get_Tick_Dt)
    i.WS_Debug                               0x08003484   Section        0  ws_drive_borad.o(i.WS_Debug)
    i.WS_OS_DEBUG_LED_CLOSED                 0x080034b0   Section        0  ws_drive_borad.o(i.WS_OS_DEBUG_LED_CLOSED)
    i.WS_OS_DEBUG_LED_OPEN                   0x080034c4   Section        0  ws_drive_borad.o(i.WS_OS_DEBUG_LED_OPEN)
    i.WS_OS_Task_B                           0x080034e8   Section        0  ws_drive_borad.o(i.WS_OS_Task_B)
    i.WS_OS_Task_KeyBorad                    0x08003518   Section        0  ws_drive_borad.o(i.WS_OS_Task_KeyBorad)
    i.__ARM_fpclassify                       0x08003558   Section        0  fpclassify.o(i.__ARM_fpclassify)
    i.__NVIC_SetPriority                     0x08003580   Section        0  stm32f1xx_hal_cortex.o(i.__NVIC_SetPriority)
    __NVIC_SetPriority                       0x08003581   Thumb Code    32  stm32f1xx_hal_cortex.o(i.__NVIC_SetPriority)
    i._is_digit                              0x080035a0   Section        0  __printf_wp.o(i._is_digit)
    i.getDWTCountDt                          0x080035ae   Section        0  ws_drive_dwt.o(i.getDWTCountDt)
    i.main                                   0x080035c0   Section        0  main.o(i.main)
    locale$$code                             0x08003684   Section       44  lc_numeric_c.o(locale$$code)
    locale$$code                             0x080036b0   Section       44  lc_ctype_c.o(locale$$code)
    x$fpl$printf1                            0x080036dc   Section        4  printf1.o(x$fpl$printf1)
    x$fpl$printf2                            0x080036e0   Section        4  printf2.o(x$fpl$printf2)
    .constdata                               0x080036e4   Section       18  stm32f1xx_hal_rcc.o(.constdata)
    x$fpl$usenofp                            0x080036e4   Section        0  usenofp.o(x$fpl$usenofp)
    aPredivFactorTable                       0x080036e4   Data           2  stm32f1xx_hal_rcc.o(.constdata)
    aPLLMULFactorTable                       0x080036e6   Data          16  stm32f1xx_hal_rcc.o(.constdata)
    .constdata                               0x080036f6   Section       16  system_stm32f1xx.o(.constdata)
    .constdata                               0x08003706   Section        8  system_stm32f1xx.o(.constdata)
    .constdata                               0x08003710   Section        8  _printf_wctomb.o(.constdata)
    initial_mbstate                          0x08003710   Data           8  _printf_wctomb.o(.constdata)
    .constdata                               0x08003718   Section       40  _printf_hex_int_ll_ptr.o(.constdata)
    uc_hextab                                0x08003718   Data          20  _printf_hex_int_ll_ptr.o(.constdata)
    lc_hextab                                0x0800372c   Data          20  _printf_hex_int_ll_ptr.o(.constdata)
    .constdata                               0x08003740   Section       17  __printf_flags_ss_wp.o(.constdata)
    maptable                                 0x08003740   Data          17  __printf_flags_ss_wp.o(.constdata)
    .constdata                               0x08003751   Section       38  _printf_fp_hex.o(.constdata)
    lc_hextab                                0x08003751   Data          19  _printf_fp_hex.o(.constdata)
    uc_hextab                                0x08003764   Data          19  _printf_fp_hex.o(.constdata)
    .constdata                               0x08003778   Section      148  bigflt0.o(.constdata)
    tenpwrs_x                                0x08003778   Data          60  bigflt0.o(.constdata)
    tenpwrs_i                                0x080037b4   Data          64  bigflt0.o(.constdata)
    locale$$data                             0x0800382c   Section       28  lc_numeric_c.o(locale$$data)
    __lcnum_c_name                           0x08003830   Data           2  lc_numeric_c.o(locale$$data)
    __lcnum_c_start                          0x08003838   Data           0  lc_numeric_c.o(locale$$data)
    __lcnum_c_point                          0x08003844   Data           0  lc_numeric_c.o(locale$$data)
    __lcnum_c_thousands                      0x08003846   Data           0  lc_numeric_c.o(locale$$data)
    __lcnum_c_grouping                       0x08003847   Data           0  lc_numeric_c.o(locale$$data)
    locale$$data                             0x08003848   Section      272  lc_ctype_c.o(locale$$data)
    __lcnum_c_end                            0x08003848   Data           0  lc_numeric_c.o(locale$$data)
    __lcctype_c_name                         0x0800384c   Data           2  lc_ctype_c.o(locale$$data)
    __lcctype_c_start                        0x08003854   Data           0  lc_ctype_c.o(locale$$data)
    __lcctype_c_end                          0x08003958   Data           0  lc_ctype_c.o(locale$$data)
    .data                                    0x20000000   Section        4  main.o(.data)
    .data                                    0x20000004   Section       12  stm32f1xx_hal.o(.data)
    .data                                    0x20000010   Section        4  system_stm32f1xx.o(.data)
    .data                                    0x20000014   Section       12  ws_drive_borad.o(.data)
    countFlag                                0x20000014   Data           1  ws_drive_borad.o(.data)
    key                                      0x20000018   Data           4  ws_drive_borad.o(.data)
    num                                      0x2000001c   Data           4  ws_drive_borad.o(.data)
    .data                                    0x20000020   Section        1  ws_drive_dwt.o(.data)
    initFlag                                 0x20000020   Data           1  ws_drive_dwt.o(.data)
    .data                                    0x20000024   Section       16  kernel.o(.data)
    .bss                                     0x20000034   Section      200  main.o(.bss)
    .bss                                     0x200000fc   Section       68  main.o(.bss)
    .bss                                     0x20000140   Section       68  main.o(.bss)
    .bss                                     0x20000184   Section      128  ws_drive_borad.o(.bss)
    .bss                                     0x20000204   Section       40  ws_drive_dwt.o(.bss)
    .bss                                     0x2000022c   Section      400  kernel.o(.bss)
    .bss                                     0x200003bc   Section       96  libspace.o(.bss)
    HEAP                                     0x20000420   Section      512  startup_stm32f103xe.o(HEAP)
    Heap_Mem                                 0x20000420   Data         512  startup_stm32f103xe.o(HEAP)
    STACK                                    0x20000620   Section     1024  startup_stm32f103xe.o(STACK)
    Stack_Mem                                0x20000620   Data        1024  startup_stm32f103xe.o(STACK)
    __initial_sp                             0x20000a20   Data           0  startup_stm32f103xe.o(STACK)

    Global Symbols

    Symbol Name                              Value     Ov Type        Size  Object(Section)

    BuildAttributes$$THM_ISAv4$P$D$K$B$S$PE$A:L22UL41UL21$X:L11$S22US41US21$IEEE1$IW$USESV6$~STKCKD$USESV7$~SHL$OTIME$ROPI$IEEEJ$EBA8$UX$STANDARDLIB$REQ8$PRES8$EABIv2 0x00000000   Number         0  anon$$obj.o ABSOLUTE
    __ARM_use_no_argv                        0x00000000   Number         0  main.o ABSOLUTE
    _printf_flags                            0x00000000   Number         0  printf_stubs.o ABSOLUTE
    _printf_return_value                     0x00000000   Number         0  printf_stubs.o ABSOLUTE
    _printf_sizespec                         0x00000000   Number         0  printf_stubs.o ABSOLUTE
    _printf_widthprec                        0x00000000   Number         0  printf_stubs.o ABSOLUTE
    __ARM_exceptions_init                     - Undefined Weak Reference
    __alloca_initialize                       - Undefined Weak Reference
    __arm_preinit_                            - Undefined Weak Reference
    __cpp_initialize__aeabi_                  - Undefined Weak Reference
    __cxa_finalize                            - Undefined Weak Reference
    __sigvec_lookup                           - Undefined Weak Reference
    _atexit_init                              - Undefined Weak Reference
    _call_atexit_fns                          - Undefined Weak Reference
    _clock_init                               - Undefined Weak Reference
    _fp_trap_init                             - Undefined Weak Reference
    _fp_trap_shutdown                         - Undefined Weak Reference
    _get_lc_collate                           - Undefined Weak Reference
    _get_lc_monetary                          - Undefined Weak Reference
    _get_lc_time                              - Undefined Weak Reference
    _getenv_init                              - Undefined Weak Reference
    _handle_redirection                       - Undefined Weak Reference
    _init_alloc                               - Undefined Weak Reference
    _init_user_alloc                          - Undefined Weak Reference
    _initio                                   - Undefined Weak Reference
    _printf_mbtowc                            - Undefined Weak Reference
    _printf_wc                                - Undefined Weak Reference
    _rand_init                                - Undefined Weak Reference
    _signal_finish                            - Undefined Weak Reference
    _signal_init                              - Undefined Weak Reference
    _terminate_alloc                          - Undefined Weak Reference
    _terminate_user_alloc                     - Undefined Weak Reference
    _terminateio                              - Undefined Weak Reference
    __Vectors_Size                           0x00000130   Number         0  startup_stm32f103xe.o ABSOLUTE
    __Vectors                                0x08000000   Data           4  startup_stm32f103xe.o(RESET)
    __Vectors_End                            0x08000130   Data           0  startup_stm32f103xe.o(RESET)
    __main                                   0x08000131   Thumb Code     8  __main.o(!!!main)
    __scatterload                            0x08000139   Thumb Code     0  __scatter.o(!!!scatter)
    __scatterload_rt2                        0x08000139   Thumb Code    44  __scatter.o(!!!scatter)
    __scatterload_rt2_thumb_only             0x08000139   Thumb Code     0  __scatter.o(!!!scatter)
    __scatterload_null                       0x08000147   Thumb Code     0  __scatter.o(!!!scatter)
    __scatterload_copy                       0x0800016d   Thumb Code    26  __scatter_copy.o(!!handler_copy)
    __scatterload_zeroinit                   0x08000189   Thumb Code    28  __scatter_zi.o(!!handler_zi)
    _printf_n                                0x080001a5   Thumb Code     0  _printf_n.o(.ARM.Collect$$_printf_percent$$00000001)
    _printf_percent                          0x080001a5   Thumb Code     0  _printf_percent.o(.ARM.Collect$$_printf_percent$$00000000)
    _printf_p                                0x080001ab   Thumb Code     0  _printf_p.o(.ARM.Collect$$_printf_percent$$00000002)
    _printf_f                                0x080001b1   Thumb Code     0  _printf_f.o(.ARM.Collect$$_printf_percent$$00000003)
    _printf_e                                0x080001b7   Thumb Code     0  _printf_e.o(.ARM.Collect$$_printf_percent$$00000004)
    _printf_g                                0x080001bd   Thumb Code     0  _printf_g.o(.ARM.Collect$$_printf_percent$$00000005)
    _printf_a                                0x080001c3   Thumb Code     0  _printf_a.o(.ARM.Collect$$_printf_percent$$00000006)
    _printf_ll                               0x080001c9   Thumb Code     0  _printf_ll.o(.ARM.Collect$$_printf_percent$$00000007)
    _printf_i                                0x080001d3   Thumb Code     0  _printf_i.o(.ARM.Collect$$_printf_percent$$00000008)
    _printf_d                                0x080001d9   Thumb Code     0  _printf_d.o(.ARM.Collect$$_printf_percent$$00000009)
    _printf_u                                0x080001df   Thumb Code     0  _printf_u.o(.ARM.Collect$$_printf_percent$$0000000A)
    _printf_o                                0x080001e5   Thumb Code     0  _printf_o.o(.ARM.Collect$$_printf_percent$$0000000B)
    _printf_x                                0x080001eb   Thumb Code     0  _printf_x.o(.ARM.Collect$$_printf_percent$$0000000C)
    _printf_lli                              0x080001f1   Thumb Code     0  _printf_lli.o(.ARM.Collect$$_printf_percent$$0000000D)
    _printf_lld                              0x080001f7   Thumb Code     0  _printf_lld.o(.ARM.Collect$$_printf_percent$$0000000E)
    _printf_llu                              0x080001fd   Thumb Code     0  _printf_llu.o(.ARM.Collect$$_printf_percent$$0000000F)
    _printf_llo                              0x08000203   Thumb Code     0  _printf_llo.o(.ARM.Collect$$_printf_percent$$00000010)
    _printf_llx                              0x08000209   Thumb Code     0  _printf_llx.o(.ARM.Collect$$_printf_percent$$00000011)
    _printf_l                                0x0800020f   Thumb Code     0  _printf_l.o(.ARM.Collect$$_printf_percent$$00000012)
    _printf_c                                0x08000219   Thumb Code     0  _printf_c.o(.ARM.Collect$$_printf_percent$$00000013)
    _printf_s                                0x0800021f   Thumb Code     0  _printf_s.o(.ARM.Collect$$_printf_percent$$00000014)
    _printf_lc                               0x08000225   Thumb Code     0  _printf_lc.o(.ARM.Collect$$_printf_percent$$00000015)
    _printf_ls                               0x0800022b   Thumb Code     0  _printf_ls.o(.ARM.Collect$$_printf_percent$$00000016)
    _printf_percent_end                      0x08000231   Thumb Code     0  _printf_percent_end.o(.ARM.Collect$$_printf_percent$$00000017)
    __rt_lib_init                            0x08000235   Thumb Code     0  libinit.o(.ARM.Collect$$libinit$$00000000)
    __rt_lib_init_fp_1                       0x08000237   Thumb Code     0  libinit2.o(.ARM.Collect$$libinit$$00000002)
    __rt_lib_init_heap_1                     0x08000237   Thumb Code     0  libinit2.o(.ARM.Collect$$libinit$$0000000A)
    __rt_lib_init_lc_common                  0x08000237   Thumb Code     0  libinit2.o(.ARM.Collect$$libinit$$0000000F)
    __rt_lib_init_preinit_1                  0x08000237   Thumb Code     0  libinit2.o(.ARM.Collect$$libinit$$00000004)
    __rt_lib_init_rand_1                     0x08000237   Thumb Code     0  libinit2.o(.ARM.Collect$$libinit$$0000000E)
    __rt_lib_init_user_alloc_1               0x08000237   Thumb Code     0  libinit2.o(.ARM.Collect$$libinit$$0000000C)
    __rt_lib_init_lc_collate_1               0x0800023d   Thumb Code     0  libinit2.o(.ARM.Collect$$libinit$$00000011)
    __rt_lib_init_lc_ctype_2                 0x0800023d   Thumb Code     0  libinit2.o(.ARM.Collect$$libinit$$00000012)
    __rt_lib_init_lc_ctype_1                 0x08000249   Thumb Code     0  libinit2.o(.ARM.Collect$$libinit$$00000013)
    __rt_lib_init_lc_monetary_1              0x08000249   Thumb Code     0  libinit2.o(.ARM.Collect$$libinit$$00000015)
    __rt_lib_init_lc_numeric_2               0x08000249   Thumb Code     0  libinit2.o(.ARM.Collect$$libinit$$00000016)
    __rt_lib_init_alloca_1                   0x08000253   Thumb Code     0  libinit2.o(.ARM.Collect$$libinit$$0000002E)
    __rt_lib_init_argv_1                     0x08000253   Thumb Code     0  libinit2.o(.ARM.Collect$$libinit$$0000002C)
    __rt_lib_init_atexit_1                   0x08000253   Thumb Code     0  libinit2.o(.ARM.Collect$$libinit$$0000001B)
    __rt_lib_init_clock_1                    0x08000253   Thumb Code     0  libinit2.o(.ARM.Collect$$libinit$$00000021)
    __rt_lib_init_cpp_1                      0x08000253   Thumb Code     0  libinit2.o(.ARM.Collect$$libinit$$00000032)
    __rt_lib_init_exceptions_1               0x08000253   Thumb Code     0  libinit2.o(.ARM.Collect$$libinit$$00000030)
    __rt_lib_init_fp_trap_1                  0x08000253   Thumb Code     0  libinit2.o(.ARM.Collect$$libinit$$0000001F)
    __rt_lib_init_getenv_1                   0x08000253   Thumb Code     0  libinit2.o(.ARM.Collect$$libinit$$00000023)
    __rt_lib_init_lc_numeric_1               0x08000253   Thumb Code     0  libinit2.o(.ARM.Collect$$libinit$$00000017)
    __rt_lib_init_lc_time_1                  0x08000253   Thumb Code     0  libinit2.o(.ARM.Collect$$libinit$$00000019)
    __rt_lib_init_return                     0x08000253   Thumb Code     0  libinit2.o(.ARM.Collect$$libinit$$00000033)
    __rt_lib_init_signal_1                   0x08000253   Thumb Code     0  libinit2.o(.ARM.Collect$$libinit$$0000001D)
    __rt_lib_init_stdio_1                    0x08000253   Thumb Code     0  libinit2.o(.ARM.Collect$$libinit$$00000025)
    __rt_lib_shutdown                        0x08000255   Thumb Code     0  libshutdown.o(.ARM.Collect$$libshutdown$$00000000)
    __rt_lib_shutdown_cpp_1                  0x08000257   Thumb Code     0  libshutdown2.o(.ARM.Collect$$libshutdown$$00000002)
    __rt_lib_shutdown_fp_trap_1              0x08000257   Thumb Code     0  libshutdown2.o(.ARM.Collect$$libshutdown$$00000007)
    __rt_lib_shutdown_heap_1                 0x08000257   Thumb Code     0  libshutdown2.o(.ARM.Collect$$libshutdown$$0000000F)
    __rt_lib_shutdown_return                 0x08000257   Thumb Code     0  libshutdown2.o(.ARM.Collect$$libshutdown$$00000010)
    __rt_lib_shutdown_signal_1               0x08000257   Thumb Code     0  libshutdown2.o(.ARM.Collect$$libshutdown$$0000000A)
    __rt_lib_shutdown_stdio_1                0x08000257   Thumb Code     0  libshutdown2.o(.ARM.Collect$$libshutdown$$00000004)
    __rt_lib_shutdown_user_alloc_1           0x08000257   Thumb Code     0  libshutdown2.o(.ARM.Collect$$libshutdown$$0000000C)
    __rt_entry                               0x08000259   Thumb Code     0  __rtentry.o(.ARM.Collect$$rtentry$$00000000)
    __rt_entry_presh_1                       0x08000259   Thumb Code     0  __rtentry2.o(.ARM.Collect$$rtentry$$00000002)
    __rt_entry_sh                            0x08000259   Thumb Code     0  __rtentry4.o(.ARM.Collect$$rtentry$$00000004)
    __rt_entry_li                            0x0800025f   Thumb Code     0  __rtentry2.o(.ARM.Collect$$rtentry$$0000000A)
    __rt_entry_postsh_1                      0x0800025f   Thumb Code     0  __rtentry2.o(.ARM.Collect$$rtentry$$00000009)
    __rt_entry_main                          0x08000263   Thumb Code     0  __rtentry2.o(.ARM.Collect$$rtentry$$0000000D)
    __rt_entry_postli_1                      0x08000263   Thumb Code     0  __rtentry2.o(.ARM.Collect$$rtentry$$0000000C)
    __rt_exit                                0x0800026b   Thumb Code     0  rtexit.o(.ARM.Collect$$rtexit$$00000000)
    __rt_exit_ls                             0x0800026d   Thumb Code     0  rtexit2.o(.ARM.Collect$$rtexit$$00000003)
    __rt_exit_prels_1                        0x0800026d   Thumb Code     0  rtexit2.o(.ARM.Collect$$rtexit$$00000002)
    __rt_exit_exit                           0x08000271   Thumb Code     0  rtexit2.o(.ARM.Collect$$rtexit$$00000004)
    Reset_Handler                            0x08000279   Thumb Code     8  startup_stm32f103xe.o(.text)
    ADC1_2_IRQHandler                        0x08000293   Thumb Code     0  startup_stm32f103xe.o(.text)
    ADC3_IRQHandler                          0x08000293   Thumb Code     0  startup_stm32f103xe.o(.text)
    CAN1_RX1_IRQHandler                      0x08000293   Thumb Code     0  startup_stm32f103xe.o(.text)
    CAN1_SCE_IRQHandler                      0x08000293   Thumb Code     0  startup_stm32f103xe.o(.text)
    DMA1_Channel1_IRQHandler                 0x08000293   Thumb Code     0  startup_stm32f103xe.o(.text)
    DMA1_Channel2_IRQHandler                 0x08000293   Thumb Code     0  startup_stm32f103xe.o(.text)
    DMA1_Channel3_IRQHandler                 0x08000293   Thumb Code     0  startup_stm32f103xe.o(.text)
    DMA1_Channel6_IRQHandler                 0x08000293   Thumb Code     0  startup_stm32f103xe.o(.text)
    DMA1_Channel7_IRQHandler                 0x08000293   Thumb Code     0  startup_stm32f103xe.o(.text)
    DMA2_Channel1_IRQHandler                 0x08000293   Thumb Code     0  startup_stm32f103xe.o(.text)
    DMA2_Channel2_IRQHandler                 0x08000293   Thumb Code     0  startup_stm32f103xe.o(.text)
    DMA2_Channel3_IRQHandler                 0x08000293   Thumb Code     0  startup_stm32f103xe.o(.text)
    DMA2_Channel4_5_IRQHandler               0x08000293   Thumb Code     0  startup_stm32f103xe.o(.text)
    EXTI1_IRQHandler                         0x08000293   Thumb Code     0  startup_stm32f103xe.o(.text)
    EXTI2_IRQHandler                         0x08000293   Thumb Code     0  startup_stm32f103xe.o(.text)
    EXTI3_IRQHandler                         0x08000293   Thumb Code     0  startup_stm32f103xe.o(.text)
    EXTI4_IRQHandler                         0x08000293   Thumb Code     0  startup_stm32f103xe.o(.text)
    EXTI9_5_IRQHandler                       0x08000293   Thumb Code     0  startup_stm32f103xe.o(.text)
    FLASH_IRQHandler                         0x08000293   Thumb Code     0  startup_stm32f103xe.o(.text)
    FSMC_IRQHandler                          0x08000293   Thumb Code     0  startup_stm32f103xe.o(.text)
    I2C1_ER_IRQHandler                       0x08000293   Thumb Code     0  startup_stm32f103xe.o(.text)
    I2C1_EV_IRQHandler                       0x08000293   Thumb Code     0  startup_stm32f103xe.o(.text)
    I2C2_ER_IRQHandler                       0x08000293   Thumb Code     0  startup_stm32f103xe.o(.text)
    I2C2_EV_IRQHandler                       0x08000293   Thumb Code     0  startup_stm32f103xe.o(.text)
    PVD_IRQHandler                           0x08000293   Thumb Code     0  startup_stm32f103xe.o(.text)
    RCC_IRQHandler                           0x08000293   Thumb Code     0  startup_stm32f103xe.o(.text)
    RTC_Alarm_IRQHandler                     0x08000293   Thumb Code     0  startup_stm32f103xe.o(.text)
    RTC_IRQHandler                           0x08000293   Thumb Code     0  startup_stm32f103xe.o(.text)
    SDIO_IRQHandler                          0x08000293   Thumb Code     0  startup_stm32f103xe.o(.text)
    SPI1_IRQHandler                          0x08000293   Thumb Code     0  startup_stm32f103xe.o(.text)
    SPI2_IRQHandler                          0x08000293   Thumb Code     0  startup_stm32f103xe.o(.text)
    SPI3_IRQHandler                          0x08000293   Thumb Code     0  startup_stm32f103xe.o(.text)
    TAMPER_IRQHandler                        0x08000293   Thumb Code     0  startup_stm32f103xe.o(.text)
    TIM1_BRK_IRQHandler                      0x08000293   Thumb Code     0  startup_stm32f103xe.o(.text)
    TIM1_CC_IRQHandler                       0x08000293   Thumb Code     0  startup_stm32f103xe.o(.text)
    TIM1_TRG_COM_IRQHandler                  0x08000293   Thumb Code     0  startup_stm32f103xe.o(.text)
    TIM1_UP_IRQHandler                       0x08000293   Thumb Code     0  startup_stm32f103xe.o(.text)
    TIM2_IRQHandler                          0x08000293   Thumb Code     0  startup_stm32f103xe.o(.text)
    TIM3_IRQHandler                          0x08000293   Thumb Code     0  startup_stm32f103xe.o(.text)
    TIM4_IRQHandler                          0x08000293   Thumb Code     0  startup_stm32f103xe.o(.text)
    TIM5_IRQHandler                          0x08000293   Thumb Code     0  startup_stm32f103xe.o(.text)
    TIM6_IRQHandler                          0x08000293   Thumb Code     0  startup_stm32f103xe.o(.text)
    TIM7_IRQHandler                          0x08000293   Thumb Code     0  startup_stm32f103xe.o(.text)
    TIM8_BRK_IRQHandler                      0x08000293   Thumb Code     0  startup_stm32f103xe.o(.text)
    TIM8_CC_IRQHandler                       0x08000293   Thumb Code     0  startup_stm32f103xe.o(.text)
    TIM8_TRG_COM_IRQHandler                  0x08000293   Thumb Code     0  startup_stm32f103xe.o(.text)
    TIM8_UP_IRQHandler                       0x08000293   Thumb Code     0  startup_stm32f103xe.o(.text)
    UART4_IRQHandler                         0x08000293   Thumb Code     0  startup_stm32f103xe.o(.text)
    UART5_IRQHandler                         0x08000293   Thumb Code     0  startup_stm32f103xe.o(.text)
    USART2_IRQHandler                        0x08000293   Thumb Code     0  startup_stm32f103xe.o(.text)
    USART3_IRQHandler                        0x08000293   Thumb Code     0  startup_stm32f103xe.o(.text)
    USBWakeUp_IRQHandler                     0x08000293   Thumb Code     0  startup_stm32f103xe.o(.text)
    USB_HP_CAN1_TX_IRQHandler                0x08000293   Thumb Code     0  startup_stm32f103xe.o(.text)
    USB_LP_CAN1_RX0_IRQHandler               0x08000293   Thumb Code     0  startup_stm32f103xe.o(.text)
    WWDG_IRQHandler                          0x08000293   Thumb Code     0  startup_stm32f103xe.o(.text)
    __user_initial_stackheap                 0x08000295   Thumb Code     0  startup_stm32f103xe.o(.text)
    vsprintf                                 0x080002b9   Thumb Code    32  vsprintf.o(.text)
    strlen                                   0x080002dd   Thumb Code    62  strlen.o(.text)
    __aeabi_memclr4                          0x0800031b   Thumb Code     0  rt_memclr_w.o(.text)
    __aeabi_memclr8                          0x0800031b   Thumb Code     0  rt_memclr_w.o(.text)
    __rt_memclr_w                            0x0800031b   Thumb Code    78  rt_memclr_w.o(.text)
    _memset_w                                0x0800031f   Thumb Code     0  rt_memclr_w.o(.text)
    __use_two_region_memory                  0x08000369   Thumb Code     2  heapauxi.o(.text)
    __rt_heap_escrow$2region                 0x0800036b   Thumb Code     2  heapauxi.o(.text)
    __rt_heap_expand$2region                 0x0800036d   Thumb Code     2  heapauxi.o(.text)
    _printf_pre_padding                      0x0800036f   Thumb Code    44  _printf_pad.o(.text)
    _printf_post_padding                     0x0800039b   Thumb Code    34  _printf_pad.o(.text)
    _printf_truncate_signed                  0x080003bd   Thumb Code    18  _printf_truncate.o(.text)
    _printf_truncate_unsigned                0x080003cf   Thumb Code    18  _printf_truncate.o(.text)
    _printf_str                              0x080003e1   Thumb Code    82  _printf_str.o(.text)
    _printf_int_dec                          0x08000435   Thumb Code   104  _printf_dec.o(.text)
    _printf_charcount                        0x080004ad   Thumb Code    40  _printf_charcount.o(.text)
    _printf_char_common                      0x080004df   Thumb Code    32  _printf_char_common.o(.text)
    _sputc                                   0x08000505   Thumb Code    10  _sputc.o(.text)
    _printf_wctomb                           0x08000511   Thumb Code   182  _printf_wctomb.o(.text)
    _printf_longlong_dec                     0x080005cd   Thumb Code   108  _printf_longlong_dec.o(.text)
    _printf_longlong_oct                     0x08000649   Thumb Code    66  _printf_oct_int_ll.o(.text)
    _printf_int_oct                          0x0800068b   Thumb Code    24  _printf_oct_int_ll.o(.text)
    _printf_ll_oct                           0x080006a3   Thumb Code    12  _printf_oct_int_ll.o(.text)
    _printf_longlong_hex                     0x080006b9   Thumb Code    86  _printf_hex_int_ll_ptr.o(.text)
    _printf_int_hex                          0x0800070f   Thumb Code    28  _printf_hex_int_ll_ptr.o(.text)
    _printf_ll_hex                           0x0800072b   Thumb Code    12  _printf_hex_int_ll_ptr.o(.text)
    _printf_hex_ptr                          0x08000737   Thumb Code    18  _printf_hex_int_ll_ptr.o(.text)
    __printf                                 0x0800074d   Thumb Code   388  __printf_flags_ss_wp.o(.text)
    _ll_udiv10                               0x080008d5   Thumb Code   138  lludiv10.o(.text)
    _printf_int_common                       0x0800095f   Thumb Code   178  _printf_intcommon.o(.text)
    __lib_sel_fp_printf                      0x08000a11   Thumb Code     2  _printf_fp_dec.o(.text)
    _printf_fp_dec_real                      0x08000bc3   Thumb Code   620  _printf_fp_dec.o(.text)
    _printf_fp_hex_real                      0x08000e31   Thumb Code   756  _printf_fp_hex.o(.text)
    _printf_cs_common                        0x0800112d   Thumb Code    20  _printf_char.o(.text)
    _printf_char                             0x08001141   Thumb Code    16  _printf_char.o(.text)
    _printf_string                           0x08001151   Thumb Code     8  _printf_char.o(.text)
    _printf_lcs_common                       0x08001159   Thumb Code    20  _printf_wchar.o(.text)
    _printf_wchar                            0x0800116d   Thumb Code    16  _printf_wchar.o(.text)
    _printf_wstring                          0x0800117d   Thumb Code     8  _printf_wchar.o(.text)
    _wcrtomb                                 0x08001185   Thumb Code    64  _wcrtomb.o(.text)
    __user_setup_stackheap                   0x080011c5   Thumb Code    74  sys_stackheap_outer.o(.text)
    __rt_ctype_table                         0x08001211   Thumb Code    16  rt_ctype_table.o(.text)
    __rt_locale                              0x08001221   Thumb Code     8  rt_locale_intlibspace.o(.text)
    _printf_fp_infnan                        0x08001229   Thumb Code   112  _printf_fp_infnan.o(.text)
    _btod_etento                             0x080012a9   Thumb Code   224  bigflt0.o(.text)
    exit                                     0x0800138d   Thumb Code    18  exit.o(.text)
    __user_libspace                          0x080013a1   Thumb Code     8  libspace.o(.text)
    __user_perproc_libspace                  0x080013a1   Thumb Code     0  libspace.o(.text)
    __user_perthread_libspace                0x080013a1   Thumb Code     0  libspace.o(.text)
    strcmp                                   0x080013a9   Thumb Code   128  strcmpv7m.o(.text)
    _sys_exit                                0x08001429   Thumb Code     8  sys_exit.o(.text)
    __I$use$semihosting                      0x08001435   Thumb Code     0  use_no_semi.o(.text)
    __use_no_semihosting_swi                 0x08001435   Thumb Code     2  use_no_semi.o(.text)
    __semihosting_library_function           0x08001437   Thumb Code     0  indicate_semi.o(.text)
    _btod_d2e                                0x08001437   Thumb Code    62  btod.o(CL$$btod_d2e)
    _d2e_denorm_low                          0x08001475   Thumb Code    70  btod.o(CL$$btod_d2e_denorm_low)
    _d2e_norm_op1                            0x080014bb   Thumb Code    96  btod.o(CL$$btod_d2e_norm_op1)
    __btod_div_common                        0x0800151b   Thumb Code   696  btod.o(CL$$btod_div_common)
    _e2e                                     0x08001853   Thumb Code   220  btod.o(CL$$btod_e2e)
    _btod_ediv                               0x0800192f   Thumb Code    42  btod.o(CL$$btod_ediv)
    _btod_emul                               0x08001959   Thumb Code    42  btod.o(CL$$btod_emul)
    __btod_mult_common                       0x08001983   Thumb Code   580  btod.o(CL$$btod_mult_common)
    AddHangTask                              0x08001bc9   Thumb Code    26  kernel.o(i.AddHangTask)
    AddOnTask                                0x08001be9   Thumb Code    26  kernel.o(i.AddOnTask)
    AddRunTask                               0x08001c09   Thumb Code    26  kernel.o(i.AddRunTask)
    BusFault_Handler                         0x08001c29   Thumb Code     2  stm32f1xx_it.o(i.BusFault_Handler)
    CreateTask                               0x08001c2d   Thumb Code    96  kernel.o(i.CreateTask)
    CreateTimer                              0x08001c91   Thumb Code   110  kernel.o(i.CreateTimer)
    DMA1_Channel4_IRQHandler                 0x08001d05   Thumb Code     6  stm32f1xx_it.o(i.DMA1_Channel4_IRQHandler)
    DMA1_Channel5_IRQHandler                 0x08001d11   Thumb Code     6  stm32f1xx_it.o(i.DMA1_Channel5_IRQHandler)
    DebugMon_Handler                         0x08001d47   Thumb Code     2  stm32f1xx_it.o(i.DebugMon_Handler)
    EXTI0_IRQHandler                         0x08001d49   Thumb Code     6  stm32f1xx_it.o(i.EXTI0_IRQHandler)
    EXTI15_10_IRQHandler                     0x08001d4f   Thumb Code     8  stm32f1xx_it.o(i.EXTI15_10_IRQHandler)
    Error_Handler                            0x08001d57   Thumb Code     4  main.o(i.Error_Handler)
    GetKeyDFallingEdge                       0x08001d5d   Thumb Code    74  ws_drive_borad.o(i.GetKeyDFallingEdge)
    HAL_DMA_Abort                            0x08001dad   Thumb Code    70  stm32f1xx_hal_dma.o(i.HAL_DMA_Abort)
    HAL_DMA_Abort_IT                         0x08001df5   Thumb Code   296  stm32f1xx_hal_dma.o(i.HAL_DMA_Abort_IT)
    HAL_DMA_IRQHandler                       0x08001f25   Thumb Code   552  stm32f1xx_hal_dma.o(i.HAL_DMA_IRQHandler)
    HAL_DMA_Init                             0x0800216d   Thumb Code   112  stm32f1xx_hal_dma.o(i.HAL_DMA_Init)
    HAL_DMA_Start_IT                         0x080021e9   Thumb Code   112  stm32f1xx_hal_dma.o(i.HAL_DMA_Start_IT)
    HAL_Delay                                0x08002259   Thumb Code    32  stm32f1xx_hal.o(i.HAL_Delay)
    HAL_GPIO_EXTI_Callback                   0x0800227d   Thumb Code     2  ws_drive_borad.o(i.HAL_GPIO_EXTI_Callback)
    HAL_GPIO_EXTI_IRQHandler                 0x08002281   Thumb Code    18  stm32f1xx_hal_gpio.o(i.HAL_GPIO_EXTI_IRQHandler)
    HAL_GPIO_Init                            0x08002299   Thumb Code   462  stm32f1xx_hal_gpio.o(i.HAL_GPIO_Init)
    HAL_GPIO_WritePin                        0x08002491   Thumb Code    10  stm32f1xx_hal_gpio.o(i.HAL_GPIO_WritePin)
    HAL_GetTick                              0x0800249d   Thumb Code     6  stm32f1xx_hal.o(i.HAL_GetTick)
    HAL_IncTick                              0x080024a9   Thumb Code    12  stm32f1xx_hal.o(i.HAL_IncTick)
    HAL_Init                                 0x080024b9   Thumb Code    32  stm32f1xx_hal.o(i.HAL_Init)
    HAL_InitTick                             0x080024dd   Thumb Code    54  stm32f1xx_hal.o(i.HAL_InitTick)
    HAL_MspInit                              0x0800251d   Thumb Code    52  stm32f1xx_hal_msp.o(i.HAL_MspInit)
    HAL_NVIC_EnableIRQ                       0x08002559   Thumb Code    26  stm32f1xx_hal_cortex.o(i.HAL_NVIC_EnableIRQ)
    HAL_NVIC_SetPriority                     0x08002575   Thumb Code    60  stm32f1xx_hal_cortex.o(i.HAL_NVIC_SetPriority)
    HAL_NVIC_SetPriorityGrouping             0x080025b5   Thumb Code    26  stm32f1xx_hal_cortex.o(i.HAL_NVIC_SetPriorityGrouping)
    HAL_RCC_ClockConfig                      0x080025d9   Thumb Code   280  stm32f1xx_hal_rcc.o(i.HAL_RCC_ClockConfig)
    HAL_RCC_GetPCLK1Freq                     0x08002705   Thumb Code    20  stm32f1xx_hal_rcc.o(i.HAL_RCC_GetPCLK1Freq)
    HAL_RCC_GetPCLK2Freq                     0x08002725   Thumb Code    20  stm32f1xx_hal_rcc.o(i.HAL_RCC_GetPCLK2Freq)
    HAL_RCC_GetSysClockFreq                  0x08002745   Thumb Code    58  stm32f1xx_hal_rcc.o(i.HAL_RCC_GetSysClockFreq)
    HAL_RCC_OscConfig                        0x08002791   Thumb Code   778  stm32f1xx_hal_rcc.o(i.HAL_RCC_OscConfig)
    HAL_SYSTICK_Config                       0x08002ab1   Thumb Code    40  stm32f1xx_hal_cortex.o(i.HAL_SYSTICK_Config)
    HAL_UARTEx_RxEventCallback               0x08002ad9   Thumb Code     2  stm32f1xx_hal_uart.o(i.HAL_UARTEx_RxEventCallback)
    HAL_UART_ErrorCallback                   0x08002adb   Thumb Code     2  stm32f1xx_hal_uart.o(i.HAL_UART_ErrorCallback)
    HAL_UART_IRQHandler                      0x08002add   Thumb Code   616  stm32f1xx_hal_uart.o(i.HAL_UART_IRQHandler)
    HAL_UART_Init                            0x08002d49   Thumb Code   100  stm32f1xx_hal_uart.o(i.HAL_UART_Init)
    HAL_UART_MspInit                         0x08002dad   Thumb Code   194  stm32f1xx_hal_msp.o(i.HAL_UART_MspInit)
    HAL_UART_Receive_IT                      0x08002e89   Thumb Code    28  stm32f1xx_hal_uart.o(i.HAL_UART_Receive_IT)
    HAL_UART_RxCpltCallback                  0x08002ea5   Thumb Code    48  main.o(i.HAL_UART_RxCpltCallback)
    HAL_UART_Transmit_DMA                    0x08002edd   Thumb Code   106  stm32f1xx_hal_uart.o(i.HAL_UART_Transmit_DMA)
    HAL_UART_TxCpltCallback                  0x08002f55   Thumb Code     2  main.o(i.HAL_UART_TxCpltCallback)
    HAL_UART_TxHalfCpltCallback              0x08002f57   Thumb Code     2  stm32f1xx_hal_uart.o(i.HAL_UART_TxHalfCpltCallback)
    HardFault_Handler                        0x08002f59   Thumb Code     2  stm32f1xx_it.o(i.HardFault_Handler)
    InitTask                                 0x08002f5d   Thumb Code    42  kernel.o(i.InitTask)
    MemManage_Handler                        0x08003049   Thumb Code     2  stm32f1xx_it.o(i.MemManage_Handler)
    NMI_Handler                              0x0800304b   Thumb Code     2  stm32f1xx_it.o(i.NMI_Handler)
    OnTask                                   0x0800304d   Thumb Code    54  kernel.o(i.OnTask)
    PendSV_Handler                           0x08003089   Thumb Code     2  stm32f1xx_it.o(i.PendSV_Handler)
    RunTask                                  0x0800308d   Thumb Code    68  kernel.o(i.RunTask)
    SVC_Handler                              0x080030d5   Thumb Code     2  stm32f1xx_it.o(i.SVC_Handler)
    SysTick_Handler                          0x080030d7   Thumb Code    14  stm32f1xx_it.o(i.SysTick_Handler)
    SystemClock_Config                       0x080030e5   Thumb Code    94  main.o(i.SystemClock_Config)
    SystemInit                               0x08003143   Thumb Code     2  system_stm32f1xx.o(i.SystemInit)
    UART_Start_Receive_IT                    0x080033d1   Thumb Code    54  stm32f1xx_hal_uart.o(i.UART_Start_Receive_IT)
    USART1_IRQHandler                        0x08003409   Thumb Code     6  stm32f1xx_it.o(i.USART1_IRQHandler)
    UsageFault_Handler                       0x08003415   Thumb Code     2  stm32f1xx_it.o(i.UsageFault_Handler)
    WS_DWT_Get_Tick_Dt                       0x08003419   Thumb Code    92  ws_drive_dwt.o(i.WS_DWT_Get_Tick_Dt)
    WS_Debug                                 0x08003485   Thumb Code    36  ws_drive_borad.o(i.WS_Debug)
    WS_OS_DEBUG_LED_CLOSED                   0x080034b1   Thumb Code    16  ws_drive_borad.o(i.WS_OS_DEBUG_LED_CLOSED)
    WS_OS_DEBUG_LED_OPEN                     0x080034c5   Thumb Code    26  ws_drive_borad.o(i.WS_OS_DEBUG_LED_OPEN)
    WS_OS_Task_B                             0x080034e9   Thumb Code    22  ws_drive_borad.o(i.WS_OS_Task_B)
    WS_OS_Task_KeyBorad                      0x08003519   Thumb Code    42  ws_drive_borad.o(i.WS_OS_Task_KeyBorad)
    __ARM_fpclassify                         0x08003559   Thumb Code    40  fpclassify.o(i.__ARM_fpclassify)
    _is_digit                                0x080035a1   Thumb Code    14  __printf_wp.o(i._is_digit)
    getDWTCountDt                            0x080035af   Thumb Code    16  ws_drive_dwt.o(i.getDWTCountDt)
    main                                     0x080035c1   Thumb Code   172  main.o(i.main)
    _get_lc_numeric                          0x08003685   Thumb Code    44  lc_numeric_c.o(locale$$code)
    _get_lc_ctype                            0x080036b1   Thumb Code    44  lc_ctype_c.o(locale$$code)
    _printf_fp_dec                           0x080036dd   Thumb Code     4  printf1.o(x$fpl$printf1)
    _printf_fp_hex                           0x080036e1   Thumb Code     4  printf2.o(x$fpl$printf2)
    __I$use$fp                               0x080036e4   Number         0  usenofp.o(x$fpl$usenofp)
    AHBPrescTable                            0x080036f6   Data          16  system_stm32f1xx.o(.constdata)
    APBPrescTable                            0x08003706   Data           8  system_stm32f1xx.o(.constdata)
    Region$$Table$$Base                      0x0800380c   Number         0  anon$$obj.o(Region$$Table)
    Region$$Table$$Limit                     0x0800382c   Number         0  anon$$obj.o(Region$$Table)
    __ctype                                  0x08003855   Data           0  lc_ctype_c.o(locale$$data)
    uart1RxDat                               0x20000000   Data           1  main.o(.data)
    uart1RxTimeout                           0x20000001   Data           1  main.o(.data)
    uart1RxCount                             0x20000002   Data           2  main.o(.data)
    uwTickFreq                               0x20000004   Data           1  stm32f1xx_hal.o(.data)
    uwTickPrio                               0x20000008   Data           4  stm32f1xx_hal.o(.data)
    uwTick                                   0x2000000c   Data           4  stm32f1xx_hal.o(.data)
    SystemCoreClock                          0x20000010   Data           4  system_stm32f1xx.o(.data)
    pOnhead                                  0x20000024   Data           4  kernel.o(.data)
    pRunhead                                 0x20000028   Data           4  kernel.o(.data)
    pHanghead                                0x2000002c   Data           4  kernel.o(.data)
    TsakFun                                  0x20000030   Data           4  kernel.o(.data)
    huart1                                   0x20000034   Data          72  main.o(.bss)
    uart1RxBuffer                            0x2000007c   Data         128  main.o(.bss)
    hdma_usart1_tx                           0x200000fc   Data          68  main.o(.bss)
    hdma_usart1_rx                           0x20000140   Data          68  main.o(.bss)
    formatBuf                                0x20000184   Data         128  ws_drive_borad.o(.bss)
    dwtCountBuf                              0x20000204   Data          40  ws_drive_dwt.o(.bss)
    WsTsak                                   0x2000022c   Data         400  kernel.o(.bss)
    __libspace_start                         0x200003bc   Data          96  libspace.o(.bss)
    __temporary_stack_top$libspace           0x2000041c   Data           0  libspace.o(.bss)



==============================================================================

Memory Map of the image

  Image Entry point : 0x08000131

  Load Region LR_IROM1 (Base: 0x08000000, Size: 0x0000398c, Max: 0x00080000, ABSOLUTE)

    Execution Region ER_IROM1 (Exec base: 0x08000000, Load base: 0x08000000, Size: 0x00003958, Max: 0x00080000, ABSOLUTE)

    Exec Addr    Load Addr    Size         Type   Attr      Idx    E Section Name        Object

    0x08000000   0x08000000   0x00000130   Data   RO            3    RESET               startup_stm32f103xe.o
    0x08000130   0x08000130   0x00000008   Code   RO         1980  * !!!main             c_w.l(__main.o)
    0x08000138   0x08000138   0x00000034   Code   RO         2301    !!!scatter          c_w.l(__scatter.o)
    0x0800016c   0x0800016c   0x0000001a   Code   RO         2303    !!handler_copy      c_w.l(__scatter_copy.o)
    0x08000186   0x08000186   0x00000002   PAD
    0x08000188   0x08000188   0x0000001c   Code   RO         2305    !!handler_zi        c_w.l(__scatter_zi.o)
    0x080001a4   0x080001a4   0x00000000   Code   RO         2064    .ARM.Collect$$_printf_percent$$00000000  c_w.l(_printf_percent.o)
    0x080001a4   0x080001a4   0x00000006   Code   RO         2053    .ARM.Collect$$_printf_percent$$00000001  c_w.l(_printf_n.o)
    0x080001aa   0x080001aa   0x00000006   Code   RO         2055    .ARM.Collect$$_printf_percent$$00000002  c_w.l(_printf_p.o)
    0x080001b0   0x080001b0   0x00000006   Code   RO         2060    .ARM.Collect$$_printf_percent$$00000003  c_w.l(_printf_f.o)
    0x080001b6   0x080001b6   0x00000006   Code   RO         2061    .ARM.Collect$$_printf_percent$$00000004  c_w.l(_printf_e.o)
    0x080001bc   0x080001bc   0x00000006   Code   RO         2062    .ARM.Collect$$_printf_percent$$00000005  c_w.l(_printf_g.o)
    0x080001c2   0x080001c2   0x00000006   Code   RO         2063    .ARM.Collect$$_printf_percent$$00000006  c_w.l(_printf_a.o)
    0x080001c8   0x080001c8   0x0000000a   Code   RO         2068    .ARM.Collect$$_printf_percent$$00000007  c_w.l(_printf_ll.o)
    0x080001d2   0x080001d2   0x00000006   Code   RO         2057    .ARM.Collect$$_printf_percent$$00000008  c_w.l(_printf_i.o)
    0x080001d8   0x080001d8   0x00000006   Code   RO         2058    .ARM.Collect$$_printf_percent$$00000009  c_w.l(_printf_d.o)
    0x080001de   0x080001de   0x00000006   Code   RO         2059    .ARM.Collect$$_printf_percent$$0000000A  c_w.l(_printf_u.o)
    0x080001e4   0x080001e4   0x00000006   Code   RO         2056    .ARM.Collect$$_printf_percent$$0000000B  c_w.l(_printf_o.o)
    0x080001ea   0x080001ea   0x00000006   Code   RO         2054    .ARM.Collect$$_printf_percent$$0000000C  c_w.l(_printf_x.o)
    0x080001f0   0x080001f0   0x00000006   Code   RO         2065    .ARM.Collect$$_printf_percent$$0000000D  c_w.l(_printf_lli.o)
    0x080001f6   0x080001f6   0x00000006   Code   RO         2066    .ARM.Collect$$_printf_percent$$0000000E  c_w.l(_printf_lld.o)
    0x080001fc   0x080001fc   0x00000006   Code   RO         2067    .ARM.Collect$$_printf_percent$$0000000F  c_w.l(_printf_llu.o)
    0x08000202   0x08000202   0x00000006   Code   RO         2072    .ARM.Collect$$_printf_percent$$00000010  c_w.l(_printf_llo.o)
    0x08000208   0x08000208   0x00000006   Code   RO         2073    .ARM.Collect$$_printf_percent$$00000011  c_w.l(_printf_llx.o)
    0x0800020e   0x0800020e   0x0000000a   Code   RO         2069    .ARM.Collect$$_printf_percent$$00000012  c_w.l(_printf_l.o)
    0x08000218   0x08000218   0x00000006   Code   RO         2051    .ARM.Collect$$_printf_percent$$00000013  c_w.l(_printf_c.o)
    0x0800021e   0x0800021e   0x00000006   Code   RO         2052    .ARM.Collect$$_printf_percent$$00000014  c_w.l(_printf_s.o)
    0x08000224   0x08000224   0x00000006   Code   RO         2070    .ARM.Collect$$_printf_percent$$00000015  c_w.l(_printf_lc.o)
    0x0800022a   0x0800022a   0x00000006   Code   RO         2071    .ARM.Collect$$_printf_percent$$00000016  c_w.l(_printf_ls.o)
    0x08000230   0x08000230   0x00000004   Code   RO         2112    .ARM.Collect$$_printf_percent$$00000017  c_w.l(_printf_percent_end.o)
    0x08000234   0x08000234   0x00000002   Code   RO         2161    .ARM.Collect$$libinit$$00000000  c_w.l(libinit.o)
    0x08000236   0x08000236   0x00000000   Code   RO         2178    .ARM.Collect$$libinit$$00000002  c_w.l(libinit2.o)
    0x08000236   0x08000236   0x00000000   Code   RO         2180    .ARM.Collect$$libinit$$00000004  c_w.l(libinit2.o)
    0x08000236   0x08000236   0x00000000   Code   RO         2183    .ARM.Collect$$libinit$$0000000A  c_w.l(libinit2.o)
    0x08000236   0x08000236   0x00000000   Code   RO         2185    .ARM.Collect$$libinit$$0000000C  c_w.l(libinit2.o)
    0x08000236   0x08000236   0x00000000   Code   RO         2187    .ARM.Collect$$libinit$$0000000E  c_w.l(libinit2.o)
    0x08000236   0x08000236   0x00000006   Code   RO         2188    .ARM.Collect$$libinit$$0000000F  c_w.l(libinit2.o)
    0x0800023c   0x0800023c   0x00000000   Code   RO         2190    .ARM.Collect$$libinit$$00000011  c_w.l(libinit2.o)
    0x0800023c   0x0800023c   0x0000000c   Code   RO         2191    .ARM.Collect$$libinit$$00000012  c_w.l(libinit2.o)
    0x08000248   0x08000248   0x00000000   Code   RO         2192    .ARM.Collect$$libinit$$00000013  c_w.l(libinit2.o)
    0x08000248   0x08000248   0x00000000   Code   RO         2194    .ARM.Collect$$libinit$$00000015  c_w.l(libinit2.o)
    0x08000248   0x08000248   0x0000000a   Code   RO         2195    .ARM.Collect$$libinit$$00000016  c_w.l(libinit2.o)
    0x08000252   0x08000252   0x00000000   Code   RO         2196    .ARM.Collect$$libinit$$00000017  c_w.l(libinit2.o)
    0x08000252   0x08000252   0x00000000   Code   RO         2198    .ARM.Collect$$libinit$$00000019  c_w.l(libinit2.o)
    0x08000252   0x08000252   0x00000000   Code   RO         2200    .ARM.Collect$$libinit$$0000001B  c_w.l(libinit2.o)
    0x08000252   0x08000252   0x00000000   Code   RO         2202    .ARM.Collect$$libinit$$0000001D  c_w.l(libinit2.o)
    0x08000252   0x08000252   0x00000000   Code   RO         2204    .ARM.Collect$$libinit$$0000001F  c_w.l(libinit2.o)
    0x08000252   0x08000252   0x00000000   Code   RO         2206    .ARM.Collect$$libinit$$00000021  c_w.l(libinit2.o)
    0x08000252   0x08000252   0x00000000   Code   RO         2208    .ARM.Collect$$libinit$$00000023  c_w.l(libinit2.o)
    0x08000252   0x08000252   0x00000000   Code   RO         2210    .ARM.Collect$$libinit$$00000025  c_w.l(libinit2.o)
    0x08000252   0x08000252   0x00000000   Code   RO         2214    .ARM.Collect$$libinit$$0000002C  c_w.l(libinit2.o)
    0x08000252   0x08000252   0x00000000   Code   RO         2216    .ARM.Collect$$libinit$$0000002E  c_w.l(libinit2.o)
    0x08000252   0x08000252   0x00000000   Code   RO         2218    .ARM.Collect$$libinit$$00000030  c_w.l(libinit2.o)
    0x08000252   0x08000252   0x00000000   Code   RO         2220    .ARM.Collect$$libinit$$00000032  c_w.l(libinit2.o)
    0x08000252   0x08000252   0x00000002   Code   RO         2221    .ARM.Collect$$libinit$$00000033  c_w.l(libinit2.o)
    0x08000254   0x08000254   0x00000002   Code   RO         2241    .ARM.Collect$$libshutdown$$00000000  c_w.l(libshutdown.o)
    0x08000256   0x08000256   0x00000000   Code   RO         2254    .ARM.Collect$$libshutdown$$00000002  c_w.l(libshutdown2.o)
    0x08000256   0x08000256   0x00000000   Code   RO         2256    .ARM.Collect$$libshutdown$$00000004  c_w.l(libshutdown2.o)
    0x08000256   0x08000256   0x00000000   Code   RO         2259    .ARM.Collect$$libshutdown$$00000007  c_w.l(libshutdown2.o)
    0x08000256   0x08000256   0x00000000   Code   RO         2262    .ARM.Collect$$libshutdown$$0000000A  c_w.l(libshutdown2.o)
    0x08000256   0x08000256   0x00000000   Code   RO         2264    .ARM.Collect$$libshutdown$$0000000C  c_w.l(libshutdown2.o)
    0x08000256   0x08000256   0x00000000   Code   RO         2267    .ARM.Collect$$libshutdown$$0000000F  c_w.l(libshutdown2.o)
    0x08000256   0x08000256   0x00000002   Code   RO         2268    .ARM.Collect$$libshutdown$$00000010  c_w.l(libshutdown2.o)
    0x08000258   0x08000258   0x00000000   Code   RO         1982    .ARM.Collect$$rtentry$$00000000  c_w.l(__rtentry.o)
    0x08000258   0x08000258   0x00000000   Code   RO         2083    .ARM.Collect$$rtentry$$00000002  c_w.l(__rtentry2.o)
    0x08000258   0x08000258   0x00000006   Code   RO         2095    .ARM.Collect$$rtentry$$00000004  c_w.l(__rtentry4.o)
    0x0800025e   0x0800025e   0x00000000   Code   RO         2085    .ARM.Collect$$rtentry$$00000009  c_w.l(__rtentry2.o)
    0x0800025e   0x0800025e   0x00000004   Code   RO         2086    .ARM.Collect$$rtentry$$0000000A  c_w.l(__rtentry2.o)
    0x08000262   0x08000262   0x00000000   Code   RO         2088    .ARM.Collect$$rtentry$$0000000C  c_w.l(__rtentry2.o)
    0x08000262   0x08000262   0x00000008   Code   RO         2089    .ARM.Collect$$rtentry$$0000000D  c_w.l(__rtentry2.o)
    0x0800026a   0x0800026a   0x00000002   Code   RO         2170    .ARM.Collect$$rtexit$$00000000  c_w.l(rtexit.o)
    0x0800026c   0x0800026c   0x00000000   Code   RO         2223    .ARM.Collect$$rtexit$$00000002  c_w.l(rtexit2.o)
    0x0800026c   0x0800026c   0x00000004   Code   RO         2224    .ARM.Collect$$rtexit$$00000003  c_w.l(rtexit2.o)
    0x08000270   0x08000270   0x00000006   Code   RO         2225    .ARM.Collect$$rtexit$$00000004  c_w.l(rtexit2.o)
    0x08000276   0x08000276   0x00000002   PAD
    0x08000278   0x08000278   0x00000040   Code   RO            4    .text               startup_stm32f103xe.o
    0x080002b8   0x080002b8   0x00000024   Code   RO         1972    .text               c_w.l(vsprintf.o)
    0x080002dc   0x080002dc   0x0000003e   Code   RO         1974    .text               c_w.l(strlen.o)
    0x0800031a   0x0800031a   0x0000004e   Code   RO         1976    .text               c_w.l(rt_memclr_w.o)
    0x08000368   0x08000368   0x00000006   Code   RO         1978    .text               c_w.l(heapauxi.o)
    0x0800036e   0x0800036e   0x0000004e   Code   RO         1985    .text               c_w.l(_printf_pad.o)
    0x080003bc   0x080003bc   0x00000024   Code   RO         1987    .text               c_w.l(_printf_truncate.o)
    0x080003e0   0x080003e0   0x00000052   Code   RO         1989    .text               c_w.l(_printf_str.o)
    0x08000432   0x08000432   0x00000002   PAD
    0x08000434   0x08000434   0x00000078   Code   RO         1991    .text               c_w.l(_printf_dec.o)
    0x080004ac   0x080004ac   0x00000028   Code   RO         1993    .text               c_w.l(_printf_charcount.o)
    0x080004d4   0x080004d4   0x00000030   Code   RO         1995    .text               c_w.l(_printf_char_common.o)
    0x08000504   0x08000504   0x0000000a   Code   RO         1997    .text               c_w.l(_sputc.o)
    0x0800050e   0x0800050e   0x00000002   PAD
    0x08000510   0x08000510   0x000000bc   Code   RO         1999    .text               c_w.l(_printf_wctomb.o)
    0x080005cc   0x080005cc   0x0000007c   Code   RO         2002    .text               c_w.l(_printf_longlong_dec.o)
    0x08000648   0x08000648   0x00000070   Code   RO         2008    .text               c_w.l(_printf_oct_int_ll.o)
    0x080006b8   0x080006b8   0x00000094   Code   RO         2028    .text               c_w.l(_printf_hex_int_ll_ptr.o)
    0x0800074c   0x0800074c   0x00000188   Code   RO         2048    .text               c_w.l(__printf_flags_ss_wp.o)
    0x080008d4   0x080008d4   0x0000008a   Code   RO         2097    .text               c_w.l(lludiv10.o)
    0x0800095e   0x0800095e   0x000000b2   Code   RO         2099    .text               c_w.l(_printf_intcommon.o)
    0x08000a10   0x08000a10   0x0000041e   Code   RO         2101    .text               c_w.l(_printf_fp_dec.o)
    0x08000e2e   0x08000e2e   0x00000002   PAD
    0x08000e30   0x08000e30   0x000002fc   Code   RO         2103    .text               c_w.l(_printf_fp_hex.o)
    0x0800112c   0x0800112c   0x0000002c   Code   RO         2108    .text               c_w.l(_printf_char.o)
    0x08001158   0x08001158   0x0000002c   Code   RO         2110    .text               c_w.l(_printf_wchar.o)
    0x08001184   0x08001184   0x00000040   Code   RO         2113    .text               c_w.l(_wcrtomb.o)
    0x080011c4   0x080011c4   0x0000004a   Code   RO         2115    .text               c_w.l(sys_stackheap_outer.o)
    0x0800120e   0x0800120e   0x00000002   PAD
    0x08001210   0x08001210   0x00000010   Code   RO         2117    .text               c_w.l(rt_ctype_table.o)
    0x08001220   0x08001220   0x00000008   Code   RO         2122    .text               c_w.l(rt_locale_intlibspace.o)
    0x08001228   0x08001228   0x00000080   Code   RO         2124    .text               c_w.l(_printf_fp_infnan.o)
    0x080012a8   0x080012a8   0x000000e4   Code   RO         2126    .text               c_w.l(bigflt0.o)
    0x0800138c   0x0800138c   0x00000012   Code   RO         2154    .text               c_w.l(exit.o)
    0x0800139e   0x0800139e   0x00000002   PAD
    0x080013a0   0x080013a0   0x00000008   Code   RO         2167    .text               c_w.l(libspace.o)
    0x080013a8   0x080013a8   0x00000080   Code   RO         2175    .text               c_w.l(strcmpv7m.o)
    0x08001428   0x08001428   0x0000000c   Code   RO         2233    .text               c_w.l(sys_exit.o)
    0x08001434   0x08001434   0x00000002   Code   RO         2244    .text               c_w.l(use_no_semi.o)
    0x08001436   0x08001436   0x00000000   Code   RO         2246    .text               c_w.l(indicate_semi.o)
    0x08001436   0x08001436   0x0000003e   Code   RO         2129    CL$$btod_d2e        c_w.l(btod.o)
    0x08001474   0x08001474   0x00000046   Code   RO         2131    CL$$btod_d2e_denorm_low  c_w.l(btod.o)
    0x080014ba   0x080014ba   0x00000060   Code   RO         2130    CL$$btod_d2e_norm_op1  c_w.l(btod.o)
    0x0800151a   0x0800151a   0x00000338   Code   RO         2139    CL$$btod_div_common  c_w.l(btod.o)
    0x08001852   0x08001852   0x000000dc   Code   RO         2136    CL$$btod_e2e        c_w.l(btod.o)
    0x0800192e   0x0800192e   0x0000002a   Code   RO         2133    CL$$btod_ediv       c_w.l(btod.o)
    0x08001958   0x08001958   0x0000002a   Code   RO         2132    CL$$btod_emul       c_w.l(btod.o)
    0x08001982   0x08001982   0x00000244   Code   RO         2138    CL$$btod_mult_common  c_w.l(btod.o)
    0x08001bc6   0x08001bc6   0x00000002   PAD
    0x08001bc8   0x08001bc8   0x00000020   Code   RO         1876    i.AddHangTask       kernel.o
    0x08001be8   0x08001be8   0x00000020   Code   RO         1877    i.AddOnTask         kernel.o
    0x08001c08   0x08001c08   0x00000020   Code   RO         1878    i.AddRunTask        kernel.o
    0x08001c28   0x08001c28   0x00000002   Code   RO          163    i.BusFault_Handler  stm32f1xx_it.o
    0x08001c2a   0x08001c2a   0x00000002   PAD
    0x08001c2c   0x08001c2c   0x00000064   Code   RO         1879    i.CreateTask        kernel.o
    0x08001c90   0x08001c90   0x00000074   Code   RO         1880    i.CreateTimer       kernel.o
    0x08001d04   0x08001d04   0x0000000c   Code   RO          164    i.DMA1_Channel4_IRQHandler  stm32f1xx_it.o
    0x08001d10   0x08001d10   0x0000000c   Code   RO          165    i.DMA1_Channel5_IRQHandler  stm32f1xx_it.o
    0x08001d1c   0x08001d1c   0x0000002a   Code   RO         1121    i.DMA_SetConfig     stm32f1xx_hal_dma.o
    0x08001d46   0x08001d46   0x00000002   Code   RO          166    i.DebugMon_Handler  stm32f1xx_it.o
    0x08001d48   0x08001d48   0x00000006   Code   RO          167    i.EXTI0_IRQHandler  stm32f1xx_it.o
    0x08001d4e   0x08001d4e   0x00000008   Code   RO          168    i.EXTI15_10_IRQHandler  stm32f1xx_it.o
    0x08001d56   0x08001d56   0x00000004   Code   RO           13    i.Error_Handler     main.o
    0x08001d5a   0x08001d5a   0x00000002   PAD
    0x08001d5c   0x08001d5c   0x00000050   Code   RO         1756    i.GetKeyDFallingEdge  ws_drive_borad.o
    0x08001dac   0x08001dac   0x00000046   Code   RO         1122    i.HAL_DMA_Abort     stm32f1xx_hal_dma.o
    0x08001df2   0x08001df2   0x00000002   PAD
    0x08001df4   0x08001df4   0x00000130   Code   RO         1123    i.HAL_DMA_Abort_IT  stm32f1xx_hal_dma.o
    0x08001f24   0x08001f24   0x00000248   Code   RO         1127    i.HAL_DMA_IRQHandler  stm32f1xx_hal_dma.o
    0x0800216c   0x0800216c   0x0000007c   Code   RO         1128    i.HAL_DMA_Init      stm32f1xx_hal_dma.o
    0x080021e8   0x080021e8   0x00000070   Code   RO         1132    i.HAL_DMA_Start_IT  stm32f1xx_hal_dma.o
    0x08002258   0x08002258   0x00000024   Code   RO          748    i.HAL_Delay         stm32f1xx_hal.o
    0x0800227c   0x0800227c   0x00000002   Code   RO         1757    i.HAL_GPIO_EXTI_Callback  ws_drive_borad.o
    0x0800227e   0x0800227e   0x00000002   PAD
    0x08002280   0x08002280   0x00000018   Code   RO         1057    i.HAL_GPIO_EXTI_IRQHandler  stm32f1xx_hal_gpio.o
    0x08002298   0x08002298   0x000001f8   Code   RO         1058    i.HAL_GPIO_Init     stm32f1xx_hal_gpio.o
    0x08002490   0x08002490   0x0000000a   Code   RO         1062    i.HAL_GPIO_WritePin  stm32f1xx_hal_gpio.o
    0x0800249a   0x0800249a   0x00000002   PAD
    0x0800249c   0x0800249c   0x0000000c   Code   RO          752    i.HAL_GetTick       stm32f1xx_hal.o
    0x080024a8   0x080024a8   0x00000010   Code   RO          758    i.HAL_IncTick       stm32f1xx_hal.o
    0x080024b8   0x080024b8   0x00000024   Code   RO          759    i.HAL_Init          stm32f1xx_hal.o
    0x080024dc   0x080024dc   0x00000040   Code   RO          760    i.HAL_InitTick      stm32f1xx_hal.o
    0x0800251c   0x0800251c   0x0000003c   Code   RO          269    i.HAL_MspInit       stm32f1xx_hal_msp.o
    0x08002558   0x08002558   0x0000001a   Code   RO         1218    i.HAL_NVIC_EnableIRQ  stm32f1xx_hal_cortex.o
    0x08002572   0x08002572   0x00000002   PAD
    0x08002574   0x08002574   0x00000040   Code   RO         1224    i.HAL_NVIC_SetPriority  stm32f1xx_hal_cortex.o
    0x080025b4   0x080025b4   0x00000024   Code   RO         1225    i.HAL_NVIC_SetPriorityGrouping  stm32f1xx_hal_cortex.o
    0x080025d8   0x080025d8   0x0000012c   Code   RO          916    i.HAL_RCC_ClockConfig  stm32f1xx_hal_rcc.o
    0x08002704   0x08002704   0x00000020   Code   RO          923    i.HAL_RCC_GetPCLK1Freq  stm32f1xx_hal_rcc.o
    0x08002724   0x08002724   0x00000020   Code   RO          924    i.HAL_RCC_GetPCLK2Freq  stm32f1xx_hal_rcc.o
    0x08002744   0x08002744   0x0000004c   Code   RO          925    i.HAL_RCC_GetSysClockFreq  stm32f1xx_hal_rcc.o
    0x08002790   0x08002790   0x00000320   Code   RO          928    i.HAL_RCC_OscConfig  stm32f1xx_hal_rcc.o
    0x08002ab0   0x08002ab0   0x00000028   Code   RO         1229    i.HAL_SYSTICK_Config  stm32f1xx_hal_cortex.o
    0x08002ad8   0x08002ad8   0x00000002   Code   RO          390    i.HAL_UARTEx_RxEventCallback  stm32f1xx_hal_uart.o
    0x08002ada   0x08002ada   0x00000002   Code   RO          404    i.HAL_UART_ErrorCallback  stm32f1xx_hal_uart.o
    0x08002adc   0x08002adc   0x0000026c   Code   RO          407    i.HAL_UART_IRQHandler  stm32f1xx_hal_uart.o
    0x08002d48   0x08002d48   0x00000064   Code   RO          408    i.HAL_UART_Init     stm32f1xx_hal_uart.o
    0x08002dac   0x08002dac   0x000000dc   Code   RO          271    i.HAL_UART_MspInit  stm32f1xx_hal_msp.o
    0x08002e88   0x08002e88   0x0000001c   Code   RO          413    i.HAL_UART_Receive_IT  stm32f1xx_hal_uart.o
    0x08002ea4   0x08002ea4   0x00000038   Code   RO           14    i.HAL_UART_RxCpltCallback  main.o
    0x08002edc   0x08002edc   0x00000078   Code   RO          417    i.HAL_UART_Transmit_DMA  stm32f1xx_hal_uart.o
    0x08002f54   0x08002f54   0x00000002   Code   RO           15    i.HAL_UART_TxCpltCallback  main.o
    0x08002f56   0x08002f56   0x00000002   Code   RO          420    i.HAL_UART_TxHalfCpltCallback  stm32f1xx_hal_uart.o
    0x08002f58   0x08002f58   0x00000002   Code   RO          169    i.HardFault_Handler  stm32f1xx_it.o
    0x08002f5a   0x08002f5a   0x00000002   PAD
    0x08002f5c   0x08002f5c   0x00000034   Code   RO         1882    i.InitTask          kernel.o
    0x08002f90   0x08002f90   0x000000b8   Code   RO           16    i.MX_GPIO_Init      main.o
    0x08003048   0x08003048   0x00000002   Code   RO          170    i.MemManage_Handler  stm32f1xx_it.o
    0x0800304a   0x0800304a   0x00000002   Code   RO          171    i.NMI_Handler       stm32f1xx_it.o
    0x0800304c   0x0800304c   0x0000003c   Code   RO         1883    i.OnTask            kernel.o
    0x08003088   0x08003088   0x00000002   Code   RO          172    i.PendSV_Handler    stm32f1xx_it.o
    0x0800308a   0x0800308a   0x00000002   PAD
    0x0800308c   0x0800308c   0x00000048   Code   RO         1884    i.RunTask           kernel.o
    0x080030d4   0x080030d4   0x00000002   Code   RO          173    i.SVC_Handler       stm32f1xx_it.o
    0x080030d6   0x080030d6   0x0000000e   Code   RO          174    i.SysTick_Handler   stm32f1xx_it.o
    0x080030e4   0x080030e4   0x0000005e   Code   RO           17    i.SystemClock_Config  main.o
    0x08003142   0x08003142   0x00000002   Code   RO         1719    i.SystemInit        system_stm32f1xx.o
    0x08003144   0x08003144   0x00000010   Code   RO          421    i.UART_DMAAbortOnError  stm32f1xx_hal_uart.o
    0x08003154   0x08003154   0x0000004a   Code   RO          422    i.UART_DMAError     stm32f1xx_hal_uart.o
    0x0800319e   0x0800319e   0x00000042   Code   RO          427    i.UART_DMATransmitCplt  stm32f1xx_hal_uart.o
    0x080031e0   0x080031e0   0x0000000a   Code   RO          429    i.UART_DMATxHalfCplt  stm32f1xx_hal_uart.o
    0x080031ea   0x080031ea   0x0000004e   Code   RO          431    i.UART_EndRxTransfer  stm32f1xx_hal_uart.o
    0x08003238   0x08003238   0x0000001c   Code   RO          432    i.UART_EndTxTransfer  stm32f1xx_hal_uart.o
    0x08003254   0x08003254   0x000000c2   Code   RO          433    i.UART_Receive_IT   stm32f1xx_hal_uart.o
    0x08003316   0x08003316   0x00000002   PAD
    0x08003318   0x08003318   0x000000b8   Code   RO          434    i.UART_SetConfig    stm32f1xx_hal_uart.o
    0x080033d0   0x080033d0   0x00000036   Code   RO          436    i.UART_Start_Receive_IT  stm32f1xx_hal_uart.o
    0x08003406   0x08003406   0x00000002   PAD
    0x08003408   0x08003408   0x0000000c   Code   RO          175    i.USART1_IRQHandler  stm32f1xx_it.o
    0x08003414   0x08003414   0x00000002   Code   RO          176    i.UsageFault_Handler  stm32f1xx_it.o
    0x08003416   0x08003416   0x00000002   PAD
    0x08003418   0x08003418   0x0000006c   Code   RO         1842    i.WS_DWT_Get_Tick_Dt  ws_drive_dwt.o
    0x08003484   0x08003484   0x0000002c   Code   RO         1758    i.WS_Debug          ws_drive_borad.o
    0x080034b0   0x080034b0   0x00000014   Code   RO         1759    i.WS_OS_DEBUG_LED_CLOSED  ws_drive_borad.o
    0x080034c4   0x080034c4   0x00000024   Code   RO         1760    i.WS_OS_DEBUG_LED_OPEN  ws_drive_borad.o
    0x080034e8   0x080034e8   0x00000030   Code   RO         1761    i.WS_OS_Task_B      ws_drive_borad.o
    0x08003518   0x08003518   0x00000040   Code   RO         1762    i.WS_OS_Task_KeyBorad  ws_drive_borad.o
    0x08003558   0x08003558   0x00000028   Code   RO         2165    i.__ARM_fpclassify  m_ws.l(fpclassify.o)
    0x08003580   0x08003580   0x00000020   Code   RO         1231    i.__NVIC_SetPriority  stm32f1xx_hal_cortex.o
    0x080035a0   0x080035a0   0x0000000e   Code   RO         2041    i._is_digit         c_w.l(__printf_wp.o)
    0x080035ae   0x080035ae   0x00000010   Code   RO         1843    i.getDWTCountDt     ws_drive_dwt.o
    0x080035be   0x080035be   0x00000002   PAD
    0x080035c0   0x080035c0   0x000000c4   Code   RO           18    i.main              main.o
    0x08003684   0x08003684   0x0000002c   Code   RO         2152    locale$$code        c_w.l(lc_numeric_c.o)
    0x080036b0   0x080036b0   0x0000002c   Code   RO         2173    locale$$code        c_w.l(lc_ctype_c.o)
    0x080036dc   0x080036dc   0x00000004   Code   RO         2074    x$fpl$printf1       fz_ws.l(printf1.o)
    0x080036e0   0x080036e0   0x00000004   Code   RO         2076    x$fpl$printf2       fz_ws.l(printf2.o)
    0x080036e4   0x080036e4   0x00000000   Code   RO         2164    x$fpl$usenofp       fz_ws.l(usenofp.o)
    0x080036e4   0x080036e4   0x00000012   Data   RO          929    .constdata          stm32f1xx_hal_rcc.o
    0x080036f6   0x080036f6   0x00000010   Data   RO         1720    .constdata          system_stm32f1xx.o
    0x08003706   0x08003706   0x00000008   Data   RO         1721    .constdata          system_stm32f1xx.o
    0x0800370e   0x0800370e   0x00000002   PAD
    0x08003710   0x08003710   0x00000008   Data   RO         2000    .constdata          c_w.l(_printf_wctomb.o)
    0x08003718   0x08003718   0x00000028   Data   RO         2029    .constdata          c_w.l(_printf_hex_int_ll_ptr.o)
    0x08003740   0x08003740   0x00000011   Data   RO         2049    .constdata          c_w.l(__printf_flags_ss_wp.o)
    0x08003751   0x08003751   0x00000026   Data   RO         2104    .constdata          c_w.l(_printf_fp_hex.o)
    0x08003777   0x08003777   0x00000001   PAD
    0x08003778   0x08003778   0x00000094   Data   RO         2127    .constdata          c_w.l(bigflt0.o)
    0x0800380c   0x0800380c   0x00000020   Data   RO         2299    Region$$Table       anon$$obj.o
    0x0800382c   0x0800382c   0x0000001c   Data   RO         2151    locale$$data        c_w.l(lc_numeric_c.o)
    0x08003848   0x08003848   0x00000110   Data   RO         2172    locale$$data        c_w.l(lc_ctype_c.o)


    Execution Region RW_IRAM1 (Exec base: 0x20000000, Load base: 0x08003958, Size: 0x00000a20, Max: 0x00010000, ABSOLUTE)

    Exec Addr    Load Addr    Size         Type   Attr      Idx    E Section Name        Object

    0x20000000   0x08003958   0x00000004   Data   RW           22    .data               main.o
    0x20000004   0x0800395c   0x0000000c   Data   RW          766    .data               stm32f1xx_hal.o
    0x20000010   0x08003968   0x00000004   Data   RW         1722    .data               system_stm32f1xx.o
    0x20000014   0x0800396c   0x0000000c   Data   RW         1765    .data               ws_drive_borad.o
    0x20000020   0x08003978   0x00000001   Data   RW         1845    .data               ws_drive_dwt.o
    0x20000021   0x08003979   0x00000003   PAD
    0x20000024   0x0800397c   0x00000010   Data   RW         1889    .data               kernel.o
    0x20000034        -       0x000000c8   Zero   RW           19    .bss                main.o
    0x200000fc        -       0x00000044   Zero   RW           20    .bss                main.o
    0x20000140        -       0x00000044   Zero   RW           21    .bss                main.o
    0x20000184        -       0x00000080   Zero   RW         1764    .bss                ws_drive_borad.o
    0x20000204        -       0x00000028   Zero   RW         1844    .bss                ws_drive_dwt.o
    0x2000022c        -       0x00000190   Zero   RW         1888    .bss                kernel.o
    0x200003bc        -       0x00000060   Zero   RW         2168    .bss                c_w.l(libspace.o)
    0x2000041c   0x0800398c   0x00000004   PAD
    0x20000420        -       0x00000200   Zero   RW            2    HEAP                startup_stm32f103xe.o
    0x20000620        -       0x00000400   Zero   RW            1    STACK               startup_stm32f103xe.o


==============================================================================

Image component sizes


      Code (inc. data)   RO Data    RW Data    ZI Data      Debug   Object Name

       496         48          0         16        400       6592   kernel.o
       536         54          0          4        336     458036   main.o
        64         26        304          0       1536        824   startup_stm32f103xe.o
       164         28          0         12          0       6605   stm32f1xx_hal.o
       198         14          0          0          0      29007   stm32f1xx_hal_cortex.o
      1236         52          0          0          0       5202   stm32f1xx_hal_dma.o
       538         48          0          0          0       3551   stm32f1xx_hal_gpio.o
       280         34          0          0          0       1809   stm32f1xx_hal_msp.o
      1240         84         18          0          0       5184   stm32f1xx_hal_rcc.o
      1578         24          0          0          0      12176   stm32f1xx_hal_uart.o
        80         18          0          0          0       6298   stm32f1xx_it.o
         2          0         24          4          0       1155   system_stm32f1xx.o
       294         76          0         12        128       5405   ws_drive_borad.o
       124         16          0          1         40       2019   ws_drive_dwt.o

    ----------------------------------------------------------------------
      6854        522        380         52       2440     543863   Object Totals
         0          0         32          0          0          0   (incl. Generated)
        24          0          2          3          0          0   (incl. Padding)

    ----------------------------------------------------------------------

      Code (inc. data)   RO Data    RW Data    ZI Data      Debug   Library Member Name

         8          0          0          0          0         68   __main.o
       392          4         17          0          0         92   __printf_flags_ss_wp.o
        14          0          0          0          0         68   __printf_wp.o
         0          0          0          0          0          0   __rtentry.o
        12          0          0          0          0          0   __rtentry2.o
         6          0          0          0          0          0   __rtentry4.o
        52          8          0          0          0          0   __scatter.o
        26          0          0          0          0          0   __scatter_copy.o
        28          0          0          0          0          0   __scatter_zi.o
         6          0          0          0          0          0   _printf_a.o
         6          0          0          0          0          0   _printf_c.o
        44          0          0          0          0        108   _printf_char.o
        48          6          0          0          0         96   _printf_char_common.o
        40          0          0          0          0         68   _printf_charcount.o
         6          0          0          0          0          0   _printf_d.o
       120         16          0          0          0         92   _printf_dec.o
         6          0          0          0          0          0   _printf_e.o
         6          0          0          0          0          0   _printf_f.o
      1054          0          0          0          0        216   _printf_fp_dec.o
       764          8         38          0          0        100   _printf_fp_hex.o
       128         16          0          0          0         84   _printf_fp_infnan.o
         6          0          0          0          0          0   _printf_g.o
       148          4         40          0          0        160   _printf_hex_int_ll_ptr.o
         6          0          0          0          0          0   _printf_i.o
       178          0          0          0          0         88   _printf_intcommon.o
        10          0          0          0          0          0   _printf_l.o
         6          0          0          0          0          0   _printf_lc.o
        10          0          0          0          0          0   _printf_ll.o
         6          0          0          0          0          0   _printf_lld.o
         6          0          0          0          0          0   _printf_lli.o
         6          0          0          0          0          0   _printf_llo.o
         6          0          0          0          0          0   _printf_llu.o
         6          0          0          0          0          0   _printf_llx.o
       124         16          0          0          0         92   _printf_longlong_dec.o
         6          0          0          0          0          0   _printf_ls.o
         6          0          0          0          0          0   _printf_n.o
         6          0          0          0          0          0   _printf_o.o
       112         10          0          0          0        124   _printf_oct_int_ll.o
         6          0          0          0          0          0   _printf_p.o
        78          0          0          0          0        108   _printf_pad.o
         0          0          0          0          0          0   _printf_percent.o
         4          0          0          0          0          0   _printf_percent_end.o
         6          0          0          0          0          0   _printf_s.o
        82          0          0          0          0         80   _printf_str.o
        36          0          0          0          0         84   _printf_truncate.o
         6          0          0          0          0          0   _printf_u.o
        44          0          0          0          0        108   _printf_wchar.o
       188          6          8          0          0         92   _printf_wctomb.o
         6          0          0          0          0          0   _printf_x.o
        10          0          0          0          0         68   _sputc.o
        64          0          0          0          0         92   _wcrtomb.o
       228          4        148          0          0         96   bigflt0.o
      1936        128          0          0          0        672   btod.o
        18          0          0          0          0         80   exit.o
         6          0          0          0          0        152   heapauxi.o
         0          0          0          0          0          0   indicate_semi.o
        44         10        272          0          0         76   lc_ctype_c.o
        44         10         28          0          0         76   lc_numeric_c.o
         2          0          0          0          0          0   libinit.o
        30          0          0          0          0          0   libinit2.o
         2          0          0          0          0          0   libshutdown.o
         2          0          0          0          0          0   libshutdown2.o
         8          4          0          0         96         68   libspace.o
       138          0          0          0          0         80   lludiv10.o
        16          4          0          0          0         76   rt_ctype_table.o
         8          4          0          0          0         68   rt_locale_intlibspace.o
        78          0          0          0          0         80   rt_memclr_w.o
         2          0          0          0          0          0   rtexit.o
        10          0          0          0          0          0   rtexit2.o
       128          0          0          0          0         68   strcmpv7m.o
        62          0          0          0          0         76   strlen.o
        12          4          0          0          0         68   sys_exit.o
        74          0          0          0          0         80   sys_stackheap_outer.o
         2          0          0          0          0         68   use_no_semi.o
        36          4          0          0          0         76   vsprintf.o
         4          0          0          0          0         68   printf1.o
         4          0          0          0          0         68   printf2.o
         0          0          0          0          0          0   usenofp.o
        40          0          0          0          0         68   fpclassify.o

    ----------------------------------------------------------------------
      6894        266        552          0        100       4252   Library Totals
        16          0          1          0          4          0   (incl. Padding)

    ----------------------------------------------------------------------

      Code (inc. data)   RO Data    RW Data    ZI Data      Debug   Library Name

      6830        266        551          0         96       4048   c_w.l
         8          0          0          0          0        136   fz_ws.l
        40          0          0          0          0         68   m_ws.l

    ----------------------------------------------------------------------
      6894        266        552          0        100       4252   Library Totals

    ----------------------------------------------------------------------

==============================================================================


      Code (inc. data)   RO Data    RW Data    ZI Data      Debug   

     13748        788        932         52       2540     541923   Grand Totals
     13748        788        932         52       2540     541923   ELF Image Totals
     13748        788        932         52          0          0   ROM Totals

==============================================================================

    Total RO  Size (Code + RO Data)                14680 (  14.34kB)
    Total RW  Size (RW Data + ZI Data)              2592 (   2.53kB)
    Total ROM Size (Code + RO Data + RW Data)      14732 (  14.39kB)

==============================================================================

